[INFO] Fortress v5 — Backtest Pipeline | Sun Mar  8 21:10:11 CET 2026
[INFO] Log: /home/alexr/fortress_v5/logs/pipeline_20260308_211011.log
[WARN] --skip-audit set. Skipping integrity gate. Results may be fiction.

[0;36m══════════════════════════════════════════[0m
[0;36m  Stage 1: Regime Posterior Precomputation[0m
[0;36m══════════════════════════════════════════[0m
2026-03-08 21:10:12,389 - INFO - ══════ Fortress v5 — Regime Posterior Precomputation ══════
2026-03-08 21:10:12,389 - INFO - Window: 2019-01-02 → 2024-12-31
2026-03-08 21:10:12,567 - INFO - Trading calendar: 1510 days
2026-03-08 21:10:12,567 - INFO - Weights not found at models/weights/mamba_kan_latest.pt. Running in Synthetic Mode.
2026-03-08 21:10:12,567 - INFO - Synthetic Mode active — generating regime-switching GBM market data.
2026-03-08 21:10:12,567 - INFO - Building cross-asset correlation matrix (5-factor model)...
2026-03-08 21:10:12,567 - INFO - Sampling Markov regime sequence...
2026-03-08 21:10:12,577 - INFO - Regime distribution: {'bull_low_vol': 1421, 'bull_high_vol': 66, 'bear': 14, 'crisis': 9}
2026-03-08 21:10:12,577 - INFO - Simulating 1510 days × 25 assets via Markov-switching GBM...
2026-03-08 21:10:12,677 - INFO - ✅ Saved prices/returns → research/outputs/cache/prices_wide.parquet, research/outputs/cache/returns_wide.parquet
2026-03-08 21:10:12,677 - INFO - Building long-format market_data parquet...
2026-03-08 21:10:13,658 - INFO - ✅ Saved market_data → research/outputs/cache/market_data.parquet (37,750 rows)
2026-03-08 21:10:13,658 - INFO - Constructing 52-dim obs vectors (rolling causal statistics)...
2026-03-08 21:10:14,069 - INFO - Computing PCA surrogate regime posteriors (window=63d, dims=16)...
2026-03-08 21:10:14,222 - INFO -   PCA posterior [200/1510] date=2019-10-17 z_mu[0]=1.962
2026-03-08 21:10:14,383 - INFO -   PCA posterior [400/1510] date=2020-08-04 z_mu[0]=-1.937
2026-03-08 21:10:14,545 - INFO -   PCA posterior [600/1510] date=2021-05-20 z_mu[0]=-1.995
2026-03-08 21:10:14,712 - INFO -   PCA posterior [800/1510] date=2022-03-07 z_mu[0]=1.991
2026-03-08 21:10:14,877 - INFO -   PCA posterior [1000/1510] date=2022-12-20 z_mu[0]=-0.099
2026-03-08 21:10:15,045 - INFO -   PCA posterior [1200/1510] date=2023-10-09 z_mu[0]=1.962
2026-03-08 21:10:15,203 - INFO -   PCA posterior [1400/1510] date=2024-07-26 z_mu[0]=1.980
2026-03-08 21:10:15,406 - INFO - ✅ Saved regime posteriors → research/outputs/cache/regime_posteriors.parquet (1,510 rows)
2026-03-08 21:10:15,406 - INFO - Regime label distribution (PCA k-means):
2026-03-08 21:10:15,406 - INFO -   crisis              :  686 days (45.4%)
2026-03-08 21:10:15,406 - INFO -   bull_low_vol        :  682 days (45.2%)
2026-03-08 21:10:15,406 - INFO -   bull_high_vol       :   78 days (5.2%)
2026-03-08 21:10:15,406 - INFO -   bear                :   64 days (4.2%)
2026-03-08 21:10:15,406 - INFO - Precompute Stage 1 complete. Run precompute_alpha_signals.py next.
[0;32m[OK][0m Stage 1: Regime Posterior Precomputation complete.

[0;36m══════════════════════════════════════════[0m
[0;36m  Stage 2: Alpha Signal Precomputation[0m
[0;36m══════════════════════════════════════════[0m
2026-03-08 21:10:15,861 - INFO - AIS pipeline not available — Factor F9 inactive. Wire data/alt_data/ais_pipeline.py.
2026-03-08 21:10:15,861 - INFO - ══════ Fortress v5 — Alpha Signal Precomputation ══════
2026-03-08 21:10:15,862 - INFO - Loading cached market data...
2026-03-08 21:10:15,877 - INFO - Loading cached regime posteriors...
2026-03-08 21:10:15,883 - INFO - Market data: 1510 days × 25 assets | Regime posteriors: 1510 rows
2026-03-08 21:10:15,885 - INFO - Aligned dataset: 1510 trading days
2026-03-08 21:10:15,885 - INFO - GATv2 weights not found at models/weights/gat_alpha_latest.pt. Running in Surrogate Mode.
2026-03-08 21:10:15,885 - INFO - Surrogate Mode: 8-factor model — F1(mom), F1b(mom6), F2(rev21), F3(vol), F4(carry), F5(tilt), F7(rev5), F8(idio)
2026-03-08 21:10:15,885 - INFO - Computing Factor 1:  Cross-Sectional Momentum (12-1 month)...
2026-03-08 21:10:15,899 - INFO - Computing Factor 1b: Cross-Sectional Momentum (6-1 month)...
2026-03-08 21:10:15,912 - INFO - Computing Factor 2:  Short-Term Reversal (21-day)...
2026-03-08 21:10:15,924 - INFO - Computing Factor 3:  Low-Volatility Anomaly (63-day)...
2026-03-08 21:10:15,937 - INFO - Computing Factor 4:  Fixed-Income Carry (BUG #18 FIX)...
2026-03-08 21:10:15,937 - INFO - Computing Factor 7:  5-Day Short-Term Reversal (P1 NEW)...
2026-03-08 21:10:15,949 - INFO - Computing Factor 8:  Idiosyncratic Momentum (P1 NEW)...
2026-03-08 21:10:15,979 - INFO - Computing Factor 9:  AIS Commodity Flow (P1 NEW)...
2026-03-08 21:10:15,979 - INFO - Computing Factors 5/6: Regime Tilt + Price Trend Override (BUG #17 FIX)...
2026-03-08 21:10:15,980 - INFO -   [0/1510] 2019-01-02 | z_pca=+0.00 trend=+0.00 z_eff=+0.00 | Regime=neutral | Top: VNQ(0.46), PDBC(0.42), USO(0.37) | Bot: SPY(-0.58), QQQ(-0.55), IWM(-0.51) | λ_idio=0.55 λ_rev5=0.30
2026-03-08 21:10:16,007 - INFO -   [200/1510] 2019-10-17 | z_pca=+1.96 trend=+0.48 z_eff=+1.71 | Regime=bull_low_vol | Top: HYG(1.00), QQQ(0.98), XLI(0.97) | Bot: USO(-0.98), SLV(-0.96), GLD(-0.96) | λ_idio=0.80 λ_rev5=0.00
2026-03-08 21:10:16,039 - INFO -   [400/1510] 2020-08-04 | z_pca=-1.94 trend=+1.52 z_eff=-0.10 | Regime=neutral | Top: HYG(0.62), SPY(0.62), XLK(0.61) | Bot: SLV(-0.71), GLD(-0.64), USO(-0.45) | λ_idio=0.52 λ_rev5=0.28
2026-03-08 21:10:16,074 - INFO -   [600/1510] 2021-05-20 | z_pca=-2.00 trend=+1.41 z_eff=-0.32 | Regime=neutral | Top: LQD(0.63), PDBC(0.57), HYG(0.43) | Bot: IWM(-0.74), EEM(-0.72), VTV(-0.58) | λ_idio=0.45 λ_rev5=0.24
2026-03-08 21:10:16,109 - INFO -   [800/1510] 2022-03-07 | z_pca=+1.99 trend=+1.80 z_eff=+1.87 | Regime=bull_low_vol | Top: XLE(0.99), VNQ(0.99), USO(0.97) | Bot: SHY(-0.96), IEF(-0.91), GLD(-0.86) | λ_idio=0.80 λ_rev5=0.00
2026-03-08 21:10:16,141 - INFO -   [1000/1510] 2022-12-20 | z_pca=-0.10 trend=+0.62 z_eff=+0.06 | Regime=neutral | Top: PDBC(0.88), USO(0.71), SLV(0.66) | Bot: IWM(-0.85), XLF(-0.71), QQQ(-0.62) | λ_idio=0.57 λ_rev5=0.29
2026-03-08 21:10:16,173 - INFO -   [1200/1510] 2023-10-09 | z_pca=+1.96 trend=-1.40 z_eff=+0.32 | Regime=neutral | Top: XLP(0.91), XLK(0.90), VTV(0.87) | Bot: SLV(-0.94), USO(-0.92), GLD(-0.90) | λ_idio=0.65 λ_rev5=0.24
2026-03-08 21:10:16,204 - INFO -   [1400/1510] 2024-07-26 | z_pca=+1.98 trend=+0.69 z_eff=+1.67 | Regime=bull_low_vol | Top: SPY(0.99), XLK(0.99), HYG(0.99) | Bot: GLD(-0.98), USO(-0.98), TLT(-0.96) | λ_idio=0.80 λ_rev5=0.00
2026-03-08 21:10:16,226 - INFO - ✅ Alpha signals saved → research/outputs/cache/alpha_signals.parquet (1510 rows × 25 assets)
2026-03-08 21:10:16,227 - INFO - Alpha signal summary (time-averaged per asset):
2026-03-08 21:10:16,227 - INFO -   LQD   : +████████ (+0.435)
2026-03-08 21:10:16,227 - INFO -   HYG   : +████ (+0.243)
2026-03-08 21:10:16,227 - INFO -   BIL   : +████ (+0.204)
2026-03-08 21:10:16,227 - INFO -   SHV   : +████ (+0.204)
2026-03-08 21:10:16,227 - INFO -   VTV   : +██ (+0.136)
2026-03-08 21:10:16,227 - INFO -   XLV   : +██ (+0.135)
2026-03-08 21:10:16,227 - INFO -   EFA   : +██ (+0.130)
2026-03-08 21:10:16,227 - INFO -   XLP   : +██ (+0.125)
2026-03-08 21:10:16,227 - INFO -   SPY   : +██ (+0.124)
2026-03-08 21:10:16,227 - INFO -   XLI   : +██ (+0.123)
2026-03-08 21:10:16,227 - INFO -   VNQ   : +██ (+0.116)
2026-03-08 21:10:16,227 - INFO -   XLK   : +██ (+0.104)
2026-03-08 21:10:16,227 - INFO -   PDBC  : + (+0.036)
2026-03-08 21:10:16,227 - INFO -   QQQ   : + (+0.034)
2026-03-08 21:10:16,227 - INFO -   SHY   : - (-0.019)
2026-03-08 21:10:16,227 - INFO -   USO   : -█ (-0.054)
2026-03-08 21:10:16,227 - INFO -   XLF   : -█ (-0.073)
2026-03-08 21:10:16,227 - INFO -   IEF   : -█ (-0.075)
2026-03-08 21:10:16,227 - INFO -   EEM   : -█ (-0.087)
2026-03-08 21:10:16,227 - INFO -   IWM   : -█ (-0.088)
2026-03-08 21:10:16,227 - INFO -   VIXY  : -█ (-0.094)
2026-03-08 21:10:16,227 - INFO -   TLT   : -██ (-0.114)
2026-03-08 21:10:16,227 - INFO -   XLE   : -██ (-0.140)
2026-03-08 21:10:16,227 - INFO -   GLD   : -██ (-0.142)
2026-03-08 21:10:16,227 - INFO -   SLV   : -███ (-0.152)
2026-03-08 21:10:16,227 - INFO - Precompute Stage 2 complete. Run run_standalone_backtest.py next.
[0;32m[OK][0m Stage 2: Alpha Signal Precomputation complete.

[0;36m══════════════════════════════════════════[0m
[0;36m  Stage 3: Event-Driven Standalone Backtest[0m
[0;36m══════════════════════════════════════════[0m
2026-03-08 21:10:16,745 - INFO - ══════ Fortress v5 — Standalone Backtest v5 (BUG #17-#19 + PATCH v5) ══════
2026-03-08 21:10:16,773 - INFO - Loaded | prices:1510d  returns:1510d  regime:1510d  alpha:1510d
2026-03-08 21:10:16,773 - INFO - Ranges | prices:2019-01-02→2024-12-31  regime:2019-01-02→2024-12-31
2026-03-08 21:10:16,773 - INFO - Backtest window: 2019-07-03 → 2024-12-31 (1384 total days, warmup=126d, recording from 2020-01-02)
2026-03-08 21:10:20,095 - INFO - ══ TEARSHEET ══
2026-03-08 21:10:20,095 - INFO -   CAGR                         +9.31%
2026-03-08 21:10:20,095 - INFO -   Ann. Volatility              11.24%
2026-03-08 21:10:20,095 - INFO -   Sharpe Ratio                 0.359
2026-03-08 21:10:20,095 - INFO -   Sortino Ratio                0.572
2026-03-08 21:10:20,095 - INFO -   Calmar Ratio                 0.468
2026-03-08 21:10:20,095 - INFO -   Max Drawdown                 -19.88%
2026-03-08 21:10:20,095 - INFO -   Max DD Duration              342 days
2026-03-08 21:10:20,095 - INFO -   VaR-95 (daily)               -1.03%
2026-03-08 21:10:20,095 - INFO -   CVaR-95 (daily)              -1.49%
2026-03-08 21:10:20,095 - INFO -   Hit Rate                     49.52%
2026-03-08 21:10:20,095 - INFO -   Avg Daily Turnover           0.0117%
2026-03-08 21:10:20,095 - INFO -   PSR (SR>0)                   1.0000
2026-03-08 21:10:20,095 - INFO -   Skewness                     0.690
2026-03-08 21:10:20,095 - INFO -   Excess Kurtosis              5.049
2026-03-08 21:10:20,095 - INFO -   Active Trading %             100.0%
2026-03-08 21:10:20,095 - INFO -   Halted BIL %                 0.0%
2026-03-08 21:10:20,095 - INFO -   Ramp-in %                    0.0%
2026-03-08 21:10:20,095 - INFO -   Final NAV                    $155,973.56
2026-03-08 21:10:20,095 - INFO -   Trading Days                 1258
2026-03-08 21:10:20,110 - INFO - ✅ Tearsheet → research/outputs/backtest_tearsheet.csv (1258 rows)
2026-03-08 21:10:20,110 - INFO - Running walk-forward validation...
2026-03-08 21:10:20,111 - INFO - Backtest window: 2019-01-02 → 2020-07-01 (378 total days, warmup=21d, recording from 2019-01-02)
2026-03-08 21:10:21,201 - INFO - ══ TEARSHEET ══
2026-03-08 21:10:21,201 - INFO -   CAGR                         -4.89%
2026-03-08 21:10:21,201 - INFO -   Ann. Volatility              8.98%
2026-03-08 21:10:21,201 - INFO -   Sharpe Ratio                 -1.070
2026-03-08 21:10:21,201 - INFO -   Sortino Ratio                -1.433
2026-03-08 21:10:21,201 - INFO -   Calmar Ratio                 -0.304
2026-03-08 21:10:21,201 - INFO -   Max Drawdown                 -16.05%
2026-03-08 21:10:21,201 - INFO -   Max DD Duration              344 days
2026-03-08 21:10:21,201 - INFO -   VaR-95 (daily)               -1.06%
2026-03-08 21:10:21,201 - INFO -   CVaR-95 (daily)              -1.41%
2026-03-08 21:10:21,201 - INFO -   Hit Rate                     42.86%
2026-03-08 21:10:21,201 - INFO -   Avg Daily Turnover           0.0123%
2026-03-08 21:10:21,201 - INFO -   PSR (SR>0)                   0.0000
2026-03-08 21:10:21,201 - INFO -   Skewness                     -0.279
2026-03-08 21:10:21,201 - INFO -   Excess Kurtosis              1.669
2026-03-08 21:10:21,201 - INFO -   Active Trading %             94.4%
2026-03-08 21:10:21,201 - INFO -   Halted BIL %                 0.0%
2026-03-08 21:10:21,201 - INFO -   Ramp-in %                    0.0%
2026-03-08 21:10:21,201 - INFO -   Final NAV                    $92,760.18
2026-03-08 21:10:21,201 - INFO -   Trading Days                 378
2026-03-08 21:10:21,201 - INFO - Backtest window: 2020-06-03 → 2020-12-30 (147 total days, warmup=21d, recording from 2020-07-02)
2026-03-08 21:10:21,529 - INFO - ══ TEARSHEET ══
2026-03-08 21:10:21,529 - INFO -   CAGR                         -22.01%
2026-03-08 21:10:21,529 - INFO -   Ann. Volatility              14.64%
2026-03-08 21:10:21,529 - INFO -   Sharpe Ratio                 -2.024
2026-03-08 21:10:21,529 - INFO -   Sortino Ratio                -3.059
2026-03-08 21:10:21,529 - INFO -   Calmar Ratio                 -1.339
2026-03-08 21:10:21,529 - INFO -   Max Drawdown                 -16.44%
2026-03-08 21:10:21,529 - INFO -   Max DD Duration              109 days
2026-03-08 21:10:21,529 - INFO -   VaR-95 (daily)               -1.59%
2026-03-08 21:10:21,529 - INFO -   CVaR-95 (daily)              -1.98%
2026-03-08 21:10:21,529 - INFO -   Hit Rate                     42.86%
2026-03-08 21:10:21,529 - INFO -   Avg Daily Turnover           0.0119%
2026-03-08 21:10:21,529 - INFO -   PSR (SR>0)                   0.0000
2026-03-08 21:10:21,529 - INFO -   Skewness                     0.799
2026-03-08 21:10:21,529 - INFO -   Excess Kurtosis              5.844
2026-03-08 21:10:21,529 - INFO -   Active Trading %             100.0%
2026-03-08 21:10:21,529 - INFO -   Halted BIL %                 0.0%
2026-03-08 21:10:21,529 - INFO -   Ramp-in %                    0.0%
2026-03-08 21:10:21,529 - INFO -   Final NAV                    $88,309.20
2026-03-08 21:10:21,529 - INFO -   Trading Days                 126
2026-03-08 21:10:21,529 - INFO -   F1: IS SR=-1.070 | OOS SR=-2.024  CAGR=-22.01%  MaxDD=-16.44%
2026-03-08 21:10:21,530 - INFO - Backtest window: 2019-01-02 → 2020-12-30 (504 total days, warmup=21d, recording from 2019-01-02)
2026-03-08 21:10:22,842 - CRITICAL - HALT triggered 2020-11-10: DD=-20.27%
2026-03-08 21:10:22,848 - INFO - ══ TEARSHEET ══
2026-03-08 21:10:22,848 - INFO -   CAGR                         -9.81%
2026-03-08 21:10:22,848 - INFO -   Ann. Volatility              10.35%
2026-03-08 21:10:22,848 - INFO -   Sharpe Ratio                 -1.429
2026-03-08 21:10:22,848 - INFO -   Sortino Ratio                -1.861
2026-03-08 21:10:22,848 - INFO -   Calmar Ratio                 -0.484
2026-03-08 21:10:22,848 - INFO -   Max Drawdown                 -20.27%
2026-03-08 21:10:22,848 - INFO -   Max DD Duration              470 days
2026-03-08 21:10:22,848 - INFO -   VaR-95 (daily)               -1.22%
2026-03-08 21:10:22,848 - INFO -   CVaR-95 (daily)              -1.62%
2026-03-08 21:10:22,848 - INFO -   Hit Rate                     39.29%
2026-03-08 21:10:22,848 - INFO -   Avg Daily Turnover           0.0111%
2026-03-08 21:10:22,848 - INFO -   PSR (SR>0)                   0.0000
2026-03-08 21:10:22,848 - INFO -   Skewness                     0.297
2026-03-08 21:10:22,848 - INFO -   Excess Kurtosis              7.387
2026-03-08 21:10:22,848 - INFO -   Active Trading %             89.1%
2026-03-08 21:10:22,848 - INFO -   Halted BIL %                 6.7%
2026-03-08 21:10:22,848 - INFO -   Ramp-in %                    0.0%
2026-03-08 21:10:22,848 - INFO -   Final NAV                    $81,350.27
2026-03-08 21:10:22,848 - INFO -   Trading Days                 504
2026-03-08 21:10:22,848 - INFO - Backtest window: 2020-12-01 → 2021-07-01 (147 total days, warmup=21d, recording from 2020-12-31)
2026-03-08 21:10:23,194 - INFO - ══ TEARSHEET ══
2026-03-08 21:10:23,195 - INFO -   CAGR                         +33.98%
2026-03-08 21:10:23,195 - INFO -   Ann. Volatility              10.80%
2026-03-08 21:10:23,195 - INFO -   Sharpe Ratio                 2.224
2026-03-08 21:10:23,195 - INFO -   Sortino Ratio                3.937
2026-03-08 21:10:23,195 - INFO -   Calmar Ratio                 5.657
2026-03-08 21:10:23,195 - INFO -   Max Drawdown                 -6.01%
2026-03-08 21:10:23,195 - INFO -   Max DD Duration              26 days
2026-03-08 21:10:23,195 - INFO -   VaR-95 (daily)               -0.91%
2026-03-08 21:10:23,195 - INFO -   CVaR-95 (daily)              -1.20%
2026-03-08 21:10:23,195 - INFO -   Hit Rate                     51.59%
2026-03-08 21:10:23,195 - INFO -   Avg Daily Turnover           0.0140%
2026-03-08 21:10:23,195 - INFO -   PSR (SR>0)                   1.0000
2026-03-08 21:10:23,195 - INFO -   Skewness                     0.611
2026-03-08 21:10:23,195 - INFO -   Excess Kurtosis              2.113
2026-03-08 21:10:23,195 - INFO -   Active Trading %             100.0%
2026-03-08 21:10:23,195 - INFO -   Halted BIL %                 0.0%
2026-03-08 21:10:23,195 - INFO -   Ramp-in %                    0.0%
2026-03-08 21:10:23,195 - INFO -   Final NAV                    $115,749.50
2026-03-08 21:10:23,195 - INFO -   Trading Days                 126
2026-03-08 21:10:23,195 - INFO -   F2: IS SR=-1.429 | OOS SR=2.224  CAGR=33.98%  MaxDD=-6.01%
2026-03-08 21:10:23,196 - INFO - Backtest window: 2019-01-02 → 2021-07-01 (630 total days, warmup=21d, recording from 2019-01-02)
2026-03-08 21:10:24,484 - CRITICAL - HALT triggered 2020-11-10: DD=-20.27%
2026-03-08 21:10:24,488 - INFO - 2021-02-08: Halt recovery — entering ramp-in.
/home/alexr/fortress_v5/fortress_env/lib/python3.10/site-packages/scipy/optimize/_slsqp_py.py:435: RuntimeWarning: Values in x were outside bounds during a minimize step, clipping to bounds
  fx = wrapped_fun(x)
/home/alexr/fortress_v5/fortress_env/lib/python3.10/site-packages/scipy/optimize/_slsqp_py.py:439: RuntimeWarning: Values in x were outside bounds during a minimize step, clipping to bounds
  g = append(wrapped_grad(x), 0.0)
/home/alexr/fortress_v5/fortress_env/lib/python3.10/site-packages/scipy/optimize/_slsqp_py.py:493: RuntimeWarning: Values in x were outside bounds during a minimize step, clipping to bounds
  a_eq = vstack([con['jac'](x, *con['args'])
/home/alexr/fortress_v5/fortress_env/lib/python3.10/site-packages/scipy/optimize/_slsqp_py.py:435: RuntimeWarning: Values in x were outside bounds during a minimize step, clipping to bounds
  fx = wrapped_fun(x)
/home/alexr/fortress_v5/fortress_env/lib/python3.10/site-packages/scipy/optimize/_slsqp_py.py:439: RuntimeWarning: Values in x were outside bounds during a minimize step, clipping to bounds
  g = append(wrapped_grad(x), 0.0)
/home/alexr/fortress_v5/fortress_env/lib/python3.10/site-packages/scipy/optimize/_slsqp_py.py:493: RuntimeWarning: Values in x were outside bounds during a minimize step, clipping to bounds
  a_eq = vstack([con['jac'](x, *con['args'])
2026-03-08 21:10:24,633 - INFO - 2021-05-05: Ramp-in complete. Resuming full active trading.
2026-03-08 21:10:24,749 - INFO - ══ TEARSHEET ══
2026-03-08 21:10:24,749 - INFO -   CAGR                         -3.18%
2026-03-08 21:10:24,749 - INFO -   Ann. Volatility              9.53%
2026-03-08 21:10:24,749 - INFO -   Sharpe Ratio                 -1.107
2026-03-08 21:10:24,749 - INFO -   Sortino Ratio                -1.396
2026-03-08 21:10:24,749 - INFO -   Calmar Ratio                 -0.157
2026-03-08 21:10:24,749 - INFO -   Max Drawdown                 -20.27%
2026-03-08 21:10:24,749 - INFO -   Max DD Duration              596 days
2026-03-08 21:10:24,749 - INFO -   VaR-95 (daily)               -1.11%
2026-03-08 21:10:24,749 - INFO -   CVaR-95 (daily)              -1.54%
2026-03-08 21:10:24,749 - INFO -   Hit Rate                     34.92%
2026-03-08 21:10:24,749 - INFO -   Avg Daily Turnover           0.0106%
2026-03-08 21:10:24,749 - INFO -   PSR (SR>0)                   0.0000
2026-03-08 21:10:24,749 - INFO -   Skewness                     0.274
2026-03-08 21:10:24,749 - INFO -   Excess Kurtosis              8.647
2026-03-08 21:10:24,749 - INFO -   Active Trading %             77.6%
2026-03-08 21:10:24,750 - INFO -   Halted BIL %                 9.5%
2026-03-08 21:10:24,750 - INFO -   Ramp-in %                    9.5%
2026-03-08 21:10:24,750 - INFO -   Final NAV                    $92,228.14
2026-03-08 21:10:24,750 - INFO -   Trading Days                 630
2026-03-08 21:10:24,750 - INFO - Backtest window: 2021-06-03 → 2021-12-30 (147 total days, warmup=21d, recording from 2021-07-02)
2026-03-08 21:10:25,085 - INFO - ══ TEARSHEET ══
2026-03-08 21:10:25,085 - INFO -   CAGR                         +26.47%
2026-03-08 21:10:25,085 - INFO -   Ann. Volatility              12.15%
2026-03-08 21:10:25,085 - INFO -   Sharpe Ratio                 1.514
2026-03-08 21:10:25,085 - INFO -   Sortino Ratio                2.431
2026-03-08 21:10:25,085 - INFO -   Calmar Ratio                 6.563
2026-03-08 21:10:25,086 - INFO -   Max Drawdown                 -4.03%
2026-03-08 21:10:25,086 - INFO -   Max DD Duration              27 days
2026-03-08 21:10:25,086 - INFO -   VaR-95 (daily)               -1.12%
2026-03-08 21:10:25,086 - INFO -   CVaR-95 (daily)              -1.50%
2026-03-08 21:10:25,086 - INFO -   Hit Rate                     53.97%
2026-03-08 21:10:25,086 - INFO -   Avg Daily Turnover           0.0111%
2026-03-08 21:10:25,086 - INFO -   PSR (SR>0)                   1.0000
2026-03-08 21:10:25,086 - INFO -   Skewness                     0.321
2026-03-08 21:10:25,086 - INFO -   Excess Kurtosis              1.077
2026-03-08 21:10:25,086 - INFO -   Active Trading %             100.0%
2026-03-08 21:10:25,086 - INFO -   Halted BIL %                 0.0%
2026-03-08 21:10:25,086 - INFO -   Ramp-in %                    0.0%
2026-03-08 21:10:25,086 - INFO -   Final NAV                    $112,457.04
2026-03-08 21:10:25,086 - INFO -   Trading Days                 126
2026-03-08 21:10:25,086 - INFO -   F3: IS SR=-1.107 | OOS SR=1.514  CAGR=26.47%  MaxDD=-4.03%
2026-03-08 21:10:25,086 - INFO - Backtest window: 2019-01-02 → 2021-12-30 (756 total days, warmup=21d, recording from 2019-01-02)
2026-03-08 21:10:26,395 - CRITICAL - HALT triggered 2020-11-10: DD=-20.27%
2026-03-08 21:10:26,399 - INFO - 2021-02-08: Halt recovery — entering ramp-in.
/home/alexr/fortress_v5/fortress_env/lib/python3.10/site-packages/scipy/optimize/_slsqp_py.py:435: RuntimeWarning: Values in x were outside bounds during a minimize step, clipping to bounds
  fx = wrapped_fun(x)
/home/alexr/fortress_v5/fortress_env/lib/python3.10/site-packages/scipy/optimize/_slsqp_py.py:439: RuntimeWarning: Values in x were outside bounds during a minimize step, clipping to bounds
  g = append(wrapped_grad(x), 0.0)
/home/alexr/fortress_v5/fortress_env/lib/python3.10/site-packages/scipy/optimize/_slsqp_py.py:493: RuntimeWarning: Values in x were outside bounds during a minimize step, clipping to bounds
  a_eq = vstack([con['jac'](x, *con['args'])
/home/alexr/fortress_v5/fortress_env/lib/python3.10/site-packages/scipy/optimize/_slsqp_py.py:435: RuntimeWarning: Values in x were outside bounds during a minimize step, clipping to bounds
  fx = wrapped_fun(x)
/home/alexr/fortress_v5/fortress_env/lib/python3.10/site-packages/scipy/optimize/_slsqp_py.py:439: RuntimeWarning: Values in x were outside bounds during a minimize step, clipping to bounds
  g = append(wrapped_grad(x), 0.0)
/home/alexr/fortress_v5/fortress_env/lib/python3.10/site-packages/scipy/optimize/_slsqp_py.py:493: RuntimeWarning: Values in x were outside bounds during a minimize step, clipping to bounds
  a_eq = vstack([con['jac'](x, *con['args'])
2026-03-08 21:10:26,542 - INFO - 2021-05-05: Ramp-in complete. Resuming full active trading.
2026-03-08 21:10:26,972 - INFO - ══ TEARSHEET ══
2026-03-08 21:10:26,972 - INFO -   CAGR                         +1.35%
2026-03-08 21:10:26,972 - INFO -   Ann. Volatility              10.05%
2026-03-08 21:10:26,972 - INFO -   Sharpe Ratio                 -0.544
2026-03-08 21:10:26,972 - INFO -   Sortino Ratio                -0.719
2026-03-08 21:10:26,972 - INFO -   Calmar Ratio                 0.067
2026-03-08 21:10:26,972 - INFO -   Max Drawdown                 -20.27%
2026-03-08 21:10:26,972 - INFO -   Max DD Duration              690 days
2026-03-08 21:10:26,972 - INFO -   VaR-95 (daily)               -1.13%
2026-03-08 21:10:26,972 - INFO -   CVaR-95 (daily)              -1.54%
2026-03-08 21:10:26,972 - INFO -   Hit Rate                     38.23%
2026-03-08 21:10:26,972 - INFO -   Avg Daily Turnover           0.0107%
2026-03-08 21:10:26,972 - INFO -   PSR (SR>0)                   0.0000
2026-03-08 21:10:26,972 - INFO -   Skewness                     0.330
2026-03-08 21:10:26,972 - INFO -   Excess Kurtosis              6.382
2026-03-08 21:10:26,972 - INFO -   Active Trading %             81.3%
2026-03-08 21:10:26,972 - INFO -   Halted BIL %                 7.9%
2026-03-08 21:10:26,972 - INFO -   Ramp-in %                    7.9%
2026-03-08 21:10:26,972 - INFO -   Final NAV                    $104,106.40
2026-03-08 21:10:26,972 - INFO -   Trading Days                 756
2026-03-08 21:10:26,973 - INFO - Backtest window: 2021-12-01 → 2022-07-01 (147 total days, warmup=21d, recording from 2021-12-31)
2026-03-08 21:10:27,276 - INFO - ══ TEARSHEET ══
2026-03-08 21:10:27,276 - INFO -   CAGR                         +22.08%
2026-03-08 21:10:27,276 - INFO -   Ann. Volatility              12.16%
2026-03-08 21:10:27,276 - INFO -   Sharpe Ratio                 1.222
2026-03-08 21:10:27,276 - INFO -   Sortino Ratio                2.168
2026-03-08 21:10:27,276 - INFO -   Calmar Ratio                 1.775
2026-03-08 21:10:27,276 - INFO -   Max Drawdown                 -12.44%
2026-03-08 21:10:27,276 - INFO -   Max DD Duration              82 days
2026-03-08 21:10:27,276 - INFO -   VaR-95 (daily)               -0.98%
2026-03-08 21:10:27,276 - INFO -   CVaR-95 (daily)              -1.47%
2026-03-08 21:10:27,276 - INFO -   Hit Rate                     47.62%
2026-03-08 21:10:27,276 - INFO -   Avg Daily Turnover           0.0075%
2026-03-08 21:10:27,276 - INFO -   PSR (SR>0)                   1.0000
2026-03-08 21:10:27,276 - INFO -   Skewness                     0.193
2026-03-08 21:10:27,276 - INFO -   Excess Kurtosis              0.155
2026-03-08 21:10:27,276 - INFO -   Active Trading %             100.0%
2026-03-08 21:10:27,276 - INFO -   Halted BIL %                 0.0%
2026-03-08 21:10:27,276 - INFO -   Ramp-in %                    0.0%
2026-03-08 21:10:27,277 - INFO -   Final NAV                    $110,489.88
2026-03-08 21:10:27,277 - INFO -   Trading Days                 126
2026-03-08 21:10:27,277 - INFO -   F4: IS SR=-0.544 | OOS SR=1.222  CAGR=22.08%  MaxDD=-12.44%
2026-03-08 21:10:27,277 - INFO - Backtest window: 2019-01-02 → 2022-07-01 (882 total days, warmup=21d, recording from 2019-01-02)
2026-03-08 21:10:28,577 - CRITICAL - HALT triggered 2020-11-10: DD=-20.27%
2026-03-08 21:10:28,581 - INFO - 2021-02-08: Halt recovery — entering ramp-in.
/home/alexr/fortress_v5/fortress_env/lib/python3.10/site-packages/scipy/optimize/_slsqp_py.py:435: RuntimeWarning: Values in x were outside bounds during a minimize step, clipping to bounds
  fx = wrapped_fun(x)
/home/alexr/fortress_v5/fortress_env/lib/python3.10/site-packages/scipy/optimize/_slsqp_py.py:439: RuntimeWarning: Values in x were outside bounds during a minimize step, clipping to bounds
  g = append(wrapped_grad(x), 0.0)
/home/alexr/fortress_v5/fortress_env/lib/python3.10/site-packages/scipy/optimize/_slsqp_py.py:493: RuntimeWarning: Values in x were outside bounds during a minimize step, clipping to bounds
  a_eq = vstack([con['jac'](x, *con['args'])
/home/alexr/fortress_v5/fortress_env/lib/python3.10/site-packages/scipy/optimize/_slsqp_py.py:435: RuntimeWarning: Values in x were outside bounds during a minimize step, clipping to bounds
  fx = wrapped_fun(x)
/home/alexr/fortress_v5/fortress_env/lib/python3.10/site-packages/scipy/optimize/_slsqp_py.py:439: RuntimeWarning: Values in x were outside bounds during a minimize step, clipping to bounds
  g = append(wrapped_grad(x), 0.0)
/home/alexr/fortress_v5/fortress_env/lib/python3.10/site-packages/scipy/optimize/_slsqp_py.py:493: RuntimeWarning: Values in x were outside bounds during a minimize step, clipping to bounds
  a_eq = vstack([con['jac'](x, *con['args'])
2026-03-08 21:10:28,726 - INFO - 2021-05-05: Ramp-in complete. Resuming full active trading.
2026-03-08 21:10:29,460 - INFO - ══ TEARSHEET ══
2026-03-08 21:10:29,460 - INFO -   CAGR                         +4.04%
2026-03-08 21:10:29,460 - INFO -   Ann. Volatility              10.39%
2026-03-08 21:10:29,460 - INFO -   Sharpe Ratio                 -0.239
2026-03-08 21:10:29,460 - INFO -   Sortino Ratio                -0.330
2026-03-08 21:10:29,460 - INFO -   Calmar Ratio                 0.199
2026-03-08 21:10:29,460 - INFO -   Max Drawdown                 -20.27%
2026-03-08 21:10:29,460 - INFO -   Max DD Duration              690 days
2026-03-08 21:10:29,460 - INFO -   VaR-95 (daily)               -1.10%
2026-03-08 21:10:29,460 - INFO -   CVaR-95 (daily)              -1.53%
2026-03-08 21:10:29,460 - INFO -   Hit Rate                     39.68%
2026-03-08 21:10:29,460 - INFO -   Avg Daily Turnover           0.0102%
2026-03-08 21:10:29,460 - INFO -   PSR (SR>0)                   0.0000
2026-03-08 21:10:29,460 - INFO -   Skewness                     0.318
2026-03-08 21:10:29,460 - INFO -   Excess Kurtosis              4.907
2026-03-08 21:10:29,460 - INFO -   Active Trading %             84.0%
2026-03-08 21:10:29,460 - INFO -   Halted BIL %                 6.8%
2026-03-08 21:10:29,460 - INFO -   Ramp-in %                    6.8%
2026-03-08 21:10:29,460 - INFO -   Final NAV                    $114,884.00
2026-03-08 21:10:29,461 - INFO -   Trading Days                 882
2026-03-08 21:10:29,461 - INFO - Backtest window: 2022-06-02 → 2022-12-30 (147 total days, warmup=21d, recording from 2022-07-05)
2026-03-08 21:10:29,737 - INFO - ══ TEARSHEET ══
2026-03-08 21:10:29,737 - INFO -   CAGR                         -5.96%
2026-03-08 21:10:29,737 - INFO -   Ann. Volatility              8.56%
2026-03-08 21:10:29,737 - INFO -   Sharpe Ratio                 -1.358
2026-03-08 21:10:29,738 - INFO -   Sortino Ratio                -2.026
2026-03-08 21:10:29,738 - INFO -   Calmar Ratio                 -1.068
2026-03-08 21:10:29,738 - INFO -   Max Drawdown                 -5.58%
2026-03-08 21:10:29,738 - INFO -   Max DD Duration              118 days
2026-03-08 21:10:29,738 - INFO -   VaR-95 (daily)               -1.01%
2026-03-08 21:10:29,738 - INFO -   CVaR-95 (daily)              -1.26%
2026-03-08 21:10:29,738 - INFO -   Hit Rate                     47.62%
2026-03-08 21:10:29,738 - INFO -   Avg Daily Turnover           0.0132%
2026-03-08 21:10:29,738 - INFO -   PSR (SR>0)                   0.0000
2026-03-08 21:10:29,738 - INFO -   Skewness                     -0.100
2026-03-08 21:10:29,738 - INFO -   Excess Kurtosis              0.888
2026-03-08 21:10:29,738 - INFO -   Active Trading %             100.0%
2026-03-08 21:10:29,738 - INFO -   Halted BIL %                 0.0%
2026-03-08 21:10:29,738 - INFO -   Ramp-in %                    0.0%
2026-03-08 21:10:29,738 - INFO -   Final NAV                    $96,972.45
2026-03-08 21:10:29,738 - INFO -   Trading Days                 126
2026-03-08 21:10:29,738 - INFO -   F5: IS SR=-0.239 | OOS SR=-1.358  CAGR=-5.96%  MaxDD=-5.58%
2026-03-08 21:10:29,738 - INFO - Backtest window: 2019-01-02 → 2022-12-30 (1008 total days, warmup=21d, recording from 2019-01-02)
2026-03-08 21:10:31,059 - CRITICAL - HALT triggered 2020-11-10: DD=-20.27%
2026-03-08 21:10:31,063 - INFO - 2021-02-08: Halt recovery — entering ramp-in.
/home/alexr/fortress_v5/fortress_env/lib/python3.10/site-packages/scipy/optimize/_slsqp_py.py:435: RuntimeWarning: Values in x were outside bounds during a minimize step, clipping to bounds
  fx = wrapped_fun(x)
/home/alexr/fortress_v5/fortress_env/lib/python3.10/site-packages/scipy/optimize/_slsqp_py.py:439: RuntimeWarning: Values in x were outside bounds during a minimize step, clipping to bounds
  g = append(wrapped_grad(x), 0.0)
/home/alexr/fortress_v5/fortress_env/lib/python3.10/site-packages/scipy/optimize/_slsqp_py.py:493: RuntimeWarning: Values in x were outside bounds during a minimize step, clipping to bounds
  a_eq = vstack([con['jac'](x, *con['args'])
/home/alexr/fortress_v5/fortress_env/lib/python3.10/site-packages/scipy/optimize/_slsqp_py.py:435: RuntimeWarning: Values in x were outside bounds during a minimize step, clipping to bounds
  fx = wrapped_fun(x)
/home/alexr/fortress_v5/fortress_env/lib/python3.10/site-packages/scipy/optimize/_slsqp_py.py:439: RuntimeWarning: Values in x were outside bounds during a minimize step, clipping to bounds
  g = append(wrapped_grad(x), 0.0)
/home/alexr/fortress_v5/fortress_env/lib/python3.10/site-packages/scipy/optimize/_slsqp_py.py:493: RuntimeWarning: Values in x were outside bounds during a minimize step, clipping to bounds
  a_eq = vstack([con['jac'](x, *con['args'])
2026-03-08 21:10:31,208 - INFO - 2021-05-05: Ramp-in complete. Resuming full active trading.
2026-03-08 21:10:32,200 - INFO - ══ TEARSHEET ══
2026-03-08 21:10:32,200 - INFO -   CAGR                         +2.69%
2026-03-08 21:10:32,200 - INFO -   Ann. Volatility              10.18%
2026-03-08 21:10:32,200 - INFO -   Sharpe Ratio                 -0.350
2026-03-08 21:10:32,200 - INFO -   Sortino Ratio                -0.487
2026-03-08 21:10:32,200 - INFO -   Calmar Ratio                 0.133
2026-03-08 21:10:32,200 - INFO -   Max Drawdown                 -20.27%
2026-03-08 21:10:32,200 - INFO -   Max DD Duration              690 days
2026-03-08 21:10:32,200 - INFO -   VaR-95 (daily)               -1.08%
2026-03-08 21:10:32,200 - INFO -   CVaR-95 (daily)              -1.51%
2026-03-08 21:10:32,200 - INFO -   Hit Rate                     40.77%
2026-03-08 21:10:32,200 - INFO -   Avg Daily Turnover           0.0106%
2026-03-08 21:10:32,200 - INFO -   PSR (SR>0)                   0.0000
2026-03-08 21:10:32,200 - INFO -   Skewness                     0.294
2026-03-08 21:10:32,200 - INFO -   Excess Kurtosis              4.758
2026-03-08 21:10:32,200 - INFO -   Active Trading %             86.0%
2026-03-08 21:10:32,201 - INFO -   Halted BIL %                 6.0%
2026-03-08 21:10:32,201 - INFO -   Ramp-in %                    6.0%
2026-03-08 21:10:32,201 - INFO -   Final NAV                    $111,202.73
2026-03-08 21:10:32,201 - INFO -   Trading Days                 1008
2026-03-08 21:10:32,201 - INFO - Backtest window: 2022-12-01 → 2023-07-05 (147 total days, warmup=21d, recording from 2023-01-03)
2026-03-08 21:10:32,562 - INFO - ══ TEARSHEET ══
2026-03-08 21:10:32,562 - INFO -   CAGR                         +26.48%
2026-03-08 21:10:32,562 - INFO -   Ann. Volatility              15.23%
2026-03-08 21:10:32,562 - INFO -   Sharpe Ratio                 1.236
2026-03-08 21:10:32,562 - INFO -   Sortino Ratio                2.054
2026-03-08 21:10:32,562 - INFO -   Calmar Ratio                 2.920
2026-03-08 21:10:32,562 - INFO -   Max Drawdown                 -9.07%
2026-03-08 21:10:32,562 - INFO -   Max DD Duration              24 days
2026-03-08 21:10:32,562 - INFO -   VaR-95 (daily)               -1.50%
2026-03-08 21:10:32,562 - INFO -   CVaR-95 (daily)              -1.95%
2026-03-08 21:10:32,562 - INFO -   Hit Rate                     49.21%
2026-03-08 21:10:32,562 - INFO -   Avg Daily Turnover           0.0117%
2026-03-08 21:10:32,562 - INFO -   PSR (SR>0)                   1.0000
2026-03-08 21:10:32,562 - INFO -   Skewness                     0.765
2026-03-08 21:10:32,562 - INFO -   Excess Kurtosis              3.927
2026-03-08 21:10:32,562 - INFO -   Active Trading %             100.0%
2026-03-08 21:10:32,562 - INFO -   Halted BIL %                 0.0%
2026-03-08 21:10:32,562 - INFO -   Ramp-in %                    0.0%
2026-03-08 21:10:32,562 - INFO -   Final NAV                    $112,463.74
2026-03-08 21:10:32,562 - INFO -   Trading Days                 126
2026-03-08 21:10:32,563 - INFO -   F6: IS SR=-0.350 | OOS SR=1.236  CAGR=26.48%  MaxDD=-9.07%
2026-03-08 21:10:32,563 - INFO - Backtest window: 2019-01-02 → 2023-07-05 (1134 total days, warmup=21d, recording from 2019-01-02)
2026-03-08 21:10:33,901 - CRITICAL - HALT triggered 2020-11-10: DD=-20.27%
2026-03-08 21:10:33,905 - INFO - 2021-02-08: Halt recovery — entering ramp-in.
/home/alexr/fortress_v5/fortress_env/lib/python3.10/site-packages/scipy/optimize/_slsqp_py.py:435: RuntimeWarning: Values in x were outside bounds during a minimize step, clipping to bounds
  fx = wrapped_fun(x)
/home/alexr/fortress_v5/fortress_env/lib/python3.10/site-packages/scipy/optimize/_slsqp_py.py:439: RuntimeWarning: Values in x were outside bounds during a minimize step, clipping to bounds
  g = append(wrapped_grad(x), 0.0)
/home/alexr/fortress_v5/fortress_env/lib/python3.10/site-packages/scipy/optimize/_slsqp_py.py:493: RuntimeWarning: Values in x were outside bounds during a minimize step, clipping to bounds
  a_eq = vstack([con['jac'](x, *con['args'])
/home/alexr/fortress_v5/fortress_env/lib/python3.10/site-packages/scipy/optimize/_slsqp_py.py:435: RuntimeWarning: Values in x were outside bounds during a minimize step, clipping to bounds
  fx = wrapped_fun(x)
/home/alexr/fortress_v5/fortress_env/lib/python3.10/site-packages/scipy/optimize/_slsqp_py.py:439: RuntimeWarning: Values in x were outside bounds during a minimize step, clipping to bounds
  g = append(wrapped_grad(x), 0.0)
/home/alexr/fortress_v5/fortress_env/lib/python3.10/site-packages/scipy/optimize/_slsqp_py.py:493: RuntimeWarning: Values in x were outside bounds during a minimize step, clipping to bounds
  a_eq = vstack([con['jac'](x, *con['args'])
2026-03-08 21:10:34,050 - INFO - 2021-05-05: Ramp-in complete. Resuming full active trading.
2026-03-08 21:10:35,413 - INFO - ══ TEARSHEET ══
2026-03-08 21:10:35,413 - INFO -   CAGR                         +4.86%
2026-03-08 21:10:35,413 - INFO -   Ann. Volatility              10.87%
2026-03-08 21:10:35,413 - INFO -   Sharpe Ratio                 -0.111
2026-03-08 21:10:35,413 - INFO -   Sortino Ratio                -0.160
2026-03-08 21:10:35,413 - INFO -   Calmar Ratio                 0.240
2026-03-08 21:10:35,413 - INFO -   Max Drawdown                 -20.27%
2026-03-08 21:10:35,413 - INFO -   Max DD Duration              690 days
2026-03-08 21:10:35,413 - INFO -   VaR-95 (daily)               -1.13%
2026-03-08 21:10:35,413 - INFO -   CVaR-95 (daily)              -1.58%
2026-03-08 21:10:35,413 - INFO -   Hit Rate                     41.71%
2026-03-08 21:10:35,413 - INFO -   Avg Daily Turnover           0.0107%
2026-03-08 21:10:35,413 - INFO -   PSR (SR>0)                   0.0002
2026-03-08 21:10:35,413 - INFO -   Skewness                     0.492
2026-03-08 21:10:35,413 - INFO -   Excess Kurtosis              5.385
2026-03-08 21:10:35,413 - INFO -   Active Trading %             87.6%
2026-03-08 21:10:35,413 - INFO -   Halted BIL %                 5.3%
2026-03-08 21:10:35,413 - INFO -   Ramp-in %                    5.3%
2026-03-08 21:10:35,413 - INFO -   Final NAV                    $123,786.90
2026-03-08 21:10:35,413 - INFO -   Trading Days                 1134
2026-03-08 21:10:35,414 - INFO - Backtest window: 2023-06-05 → 2024-01-03 (147 total days, warmup=21d, recording from 2023-07-06)
2026-03-08 21:10:35,710 - INFO - ══ TEARSHEET ══
2026-03-08 21:10:35,710 - INFO -   CAGR                         +8.71%
2026-03-08 21:10:35,710 - INFO -   Ann. Volatility              11.34%
2026-03-08 21:10:35,710 - INFO -   Sharpe Ratio                 0.279
2026-03-08 21:10:35,710 - INFO -   Sortino Ratio                0.556
2026-03-08 21:10:35,711 - INFO -   Calmar Ratio                 1.325
2026-03-08 21:10:35,711 - INFO -   Max Drawdown                 -6.58%
2026-03-08 21:10:35,711 - INFO -   Max DD Duration              122 days
2026-03-08 21:10:35,711 - INFO -   VaR-95 (daily)               -0.96%
2026-03-08 21:10:35,711 - INFO -   CVaR-95 (daily)              -1.16%
2026-03-08 21:10:35,711 - INFO -   Hit Rate                     52.38%
2026-03-08 21:10:35,711 - INFO -   Avg Daily Turnover           0.0152%
2026-03-08 21:10:35,711 - INFO -   PSR (SR>0)                   0.9999
2026-03-08 21:10:35,711 - INFO -   Skewness                     1.850
2026-03-08 21:10:35,711 - INFO -   Excess Kurtosis              8.980
2026-03-08 21:10:35,711 - INFO -   Active Trading %             100.0%
2026-03-08 21:10:35,711 - INFO -   Halted BIL %                 0.0%
2026-03-08 21:10:35,711 - INFO -   Ramp-in %                    0.0%
2026-03-08 21:10:35,711 - INFO -   Final NAV                    $104,264.93
2026-03-08 21:10:35,711 - INFO -   Trading Days                 126
2026-03-08 21:10:35,711 - INFO -   F7: IS SR=-0.111 | OOS SR=0.279  CAGR=8.71%  MaxDD=-6.58%
2026-03-08 21:10:35,711 - INFO - Backtest window: 2019-01-02 → 2024-01-03 (1260 total days, warmup=21d, recording from 2019-01-02)
2026-03-08 21:10:37,022 - CRITICAL - HALT triggered 2020-11-10: DD=-20.27%
2026-03-08 21:10:37,026 - INFO - 2021-02-08: Halt recovery — entering ramp-in.
/home/alexr/fortress_v5/fortress_env/lib/python3.10/site-packages/scipy/optimize/_slsqp_py.py:435: RuntimeWarning: Values in x were outside bounds during a minimize step, clipping to bounds
  fx = wrapped_fun(x)
/home/alexr/fortress_v5/fortress_env/lib/python3.10/site-packages/scipy/optimize/_slsqp_py.py:439: RuntimeWarning: Values in x were outside bounds during a minimize step, clipping to bounds
  g = append(wrapped_grad(x), 0.0)
/home/alexr/fortress_v5/fortress_env/lib/python3.10/site-packages/scipy/optimize/_slsqp_py.py:493: RuntimeWarning: Values in x were outside bounds during a minimize step, clipping to bounds
  a_eq = vstack([con['jac'](x, *con['args'])
/home/alexr/fortress_v5/fortress_env/lib/python3.10/site-packages/scipy/optimize/_slsqp_py.py:435: RuntimeWarning: Values in x were outside bounds during a minimize step, clipping to bounds
  fx = wrapped_fun(x)
/home/alexr/fortress_v5/fortress_env/lib/python3.10/site-packages/scipy/optimize/_slsqp_py.py:439: RuntimeWarning: Values in x were outside bounds during a minimize step, clipping to bounds
  g = append(wrapped_grad(x), 0.0)
/home/alexr/fortress_v5/fortress_env/lib/python3.10/site-packages/scipy/optimize/_slsqp_py.py:493: RuntimeWarning: Values in x were outside bounds during a minimize step, clipping to bounds
  a_eq = vstack([con['jac'](x, *con['args'])
2026-03-08 21:10:37,175 - INFO - 2021-05-05: Ramp-in complete. Resuming full active trading.
2026-03-08 21:10:38,822 - INFO - ══ TEARSHEET ══
2026-03-08 21:10:38,822 - INFO -   CAGR                         +4.71%
2026-03-08 21:10:38,822 - INFO -   Ann. Volatility              10.96%
2026-03-08 21:10:38,822 - INFO -   Sharpe Ratio                 -0.109
2026-03-08 21:10:38,822 - INFO -   Sortino Ratio                -0.159
2026-03-08 21:10:38,822 - INFO -   Calmar Ratio                 0.232
2026-03-08 21:10:38,822 - INFO -   Max Drawdown                 -20.27%
2026-03-08 21:10:38,822 - INFO -   Max DD Duration              690 days
2026-03-08 21:10:38,822 - INFO -   VaR-95 (daily)               -1.09%
2026-03-08 21:10:38,822 - INFO -   CVaR-95 (daily)              -1.56%
2026-03-08 21:10:38,822 - INFO -   Hit Rate                     42.70%
2026-03-08 21:10:38,823 - INFO -   Avg Daily Turnover           0.0112%
2026-03-08 21:10:38,823 - INFO -   PSR (SR>0)                   0.0001
2026-03-08 21:10:38,823 - INFO -   Skewness                     0.628
2026-03-08 21:10:38,823 - INFO -   Excess Kurtosis              5.776
2026-03-08 21:10:38,823 - INFO -   Active Trading %             88.8%
2026-03-08 21:10:38,823 - INFO -   Halted BIL %                 4.8%
2026-03-08 21:10:38,823 - INFO -   Ramp-in %                    4.8%
2026-03-08 21:10:38,823 - INFO -   Final NAV                    $125,862.31
2026-03-08 21:10:38,823 - INFO -   Trading Days                 1260
2026-03-08 21:10:38,823 - INFO - Backtest window: 2023-12-04 → 2024-07-05 (147 total days, warmup=21d, recording from 2024-01-04)
2026-03-08 21:10:39,127 - INFO - ══ TEARSHEET ══
2026-03-08 21:10:39,127 - INFO -   CAGR                         +7.00%
2026-03-08 21:10:39,127 - INFO -   Ann. Volatility              6.34%
2026-03-08 21:10:39,127 - INFO -   Sharpe Ratio                 0.179
2026-03-08 21:10:39,127 - INFO -   Sortino Ratio                0.304
2026-03-08 21:10:39,127 - INFO -   Calmar Ratio                 3.303
2026-03-08 21:10:39,127 - INFO -   Max Drawdown                 -2.12%
2026-03-08 21:10:39,127 - INFO -   Max DD Duration              24 days
2026-03-08 21:10:39,127 - INFO -   VaR-95 (daily)               -0.62%
2026-03-08 21:10:39,127 - INFO -   CVaR-95 (daily)              -0.77%
2026-03-08 21:10:39,127 - INFO -   Hit Rate                     48.41%
2026-03-08 21:10:39,127 - INFO -   Avg Daily Turnover           0.0087%
2026-03-08 21:10:39,127 - INFO -   PSR (SR>0)                   0.9770
2026-03-08 21:10:39,127 - INFO -   Skewness                     0.090
2026-03-08 21:10:39,127 - INFO -   Excess Kurtosis              0.148
2026-03-08 21:10:39,127 - INFO -   Active Trading %             100.0%
2026-03-08 21:10:39,127 - INFO -   Halted BIL %                 0.0%
2026-03-08 21:10:39,127 - INFO -   Ramp-in %                    0.0%
2026-03-08 21:10:39,127 - INFO -   Final NAV                    $103,439.87
2026-03-08 21:10:39,127 - INFO -   Trading Days                 126
2026-03-08 21:10:39,128 - INFO -   F8: IS SR=-0.109 | OOS SR=0.179  CAGR=7.00%  MaxDD=-2.12%
2026-03-08 21:10:39,131 - INFO - WF summary: avg IS=-0.620 | avg OOS=0.409 | ⚠️  IS dominated by structural event; OOS signal positive
2026-03-08 21:10:39,131 - INFO - ✅ Done. Run scripts/visualize_tearsheet.py next.
[0;32m[OK][0m Stage 3: Event-Driven Standalone Backtest complete.

[0;36m══════════════════════════════════════════[0m
[0;36m  Stage 4: Tearsheet Visualisation[0m
[0;36m══════════════════════════════════════════[0m
2026-03-08 21:10:41,608 - WARNING - Could not load SPY benchmark: 'Adj Close'. Skipping benchmark overlay.
2026-03-08 21:10:43,145 - INFO - Institutional tear sheet saved to research/outputs/tearsheet.png
[0;32m[OK][0m Stage 4: Tearsheet Visualisation complete.

[0;32mPipeline complete at Sun Mar  8 21:10:43 CET 2026.[0m
[INFO] Full log: /home/alexr/fortress_v5/logs/pipeline_20260308_211011.log
