[INFO] Fortress v5 — Backtest Pipeline | Sat Mar  7 22:30:48 CET 2026
[INFO] Log: /home/alexr/fortress_v5/logs/pipeline_20260307_223048.log
[WARN] --skip-audit set. Skipping integrity gate. Results may be fiction.

[0;36m══════════════════════════════════════════[0m
[0;36m  Stage 1: Regime Posterior Precomputation[0m
[0;36m══════════════════════════════════════════[0m
2026-03-07 22:30:48,937 - INFO - ══════ Fortress v5 — Regime Posterior Precomputation ══════
2026-03-07 22:30:48,937 - INFO - Window: 2019-01-02 → 2024-12-31
2026-03-07 22:30:49,116 - INFO - Trading calendar: 1510 days
2026-03-07 22:30:49,116 - INFO - Weights not found at models/weights/mamba_kan_latest.pt. Running in Synthetic Mode.
2026-03-07 22:30:49,116 - INFO - Synthetic Mode active — generating regime-switching GBM market data.
2026-03-07 22:30:49,116 - INFO - Building cross-asset correlation matrix (5-factor model)...
2026-03-07 22:30:49,116 - INFO - Sampling Markov regime sequence...
2026-03-07 22:30:49,124 - INFO - Regime distribution: {'bull_low_vol': 1421, 'bull_high_vol': 66, 'bear': 14, 'crisis': 9}
2026-03-07 22:30:49,125 - INFO - Simulating 1510 days × 25 assets via Markov-switching GBM...
2026-03-07 22:30:49,223 - INFO - ✅ Saved prices/returns → research/outputs/cache/prices_wide.parquet, research/outputs/cache/returns_wide.parquet
2026-03-07 22:30:49,223 - INFO - Building long-format market_data parquet...
2026-03-07 22:30:50,208 - INFO - ✅ Saved market_data → research/outputs/cache/market_data.parquet (37,750 rows)
2026-03-07 22:30:50,208 - INFO - Constructing 52-dim obs vectors (rolling causal statistics)...
2026-03-07 22:30:50,621 - INFO - Computing PCA surrogate regime posteriors (window=63d, dims=16)...
2026-03-07 22:30:50,771 - INFO -   PCA posterior [200/1510] date=2019-10-17 z_mu[0]=1.962
2026-03-07 22:30:50,936 - INFO -   PCA posterior [400/1510] date=2020-08-04 z_mu[0]=-1.937
2026-03-07 22:30:51,098 - INFO -   PCA posterior [600/1510] date=2021-05-20 z_mu[0]=-1.995
2026-03-07 22:30:51,259 - INFO -   PCA posterior [800/1510] date=2022-03-07 z_mu[0]=1.991
2026-03-07 22:30:51,422 - INFO -   PCA posterior [1000/1510] date=2022-12-20 z_mu[0]=-0.099
2026-03-07 22:30:51,581 - INFO -   PCA posterior [1200/1510] date=2023-10-09 z_mu[0]=1.962
2026-03-07 22:30:51,738 - INFO -   PCA posterior [1400/1510] date=2024-07-26 z_mu[0]=1.980
2026-03-07 22:30:51,911 - INFO - ✅ Saved regime posteriors → research/outputs/cache/regime_posteriors.parquet (1,510 rows)
2026-03-07 22:30:51,912 - INFO - Regime label distribution (PCA k-means):
2026-03-07 22:30:51,912 - INFO -   crisis              :  686 days (45.4%)
2026-03-07 22:30:51,912 - INFO -   bull_low_vol        :  682 days (45.2%)
2026-03-07 22:30:51,912 - INFO -   bull_high_vol       :   78 days (5.2%)
2026-03-07 22:30:51,912 - INFO -   bear                :   64 days (4.2%)
2026-03-07 22:30:51,912 - INFO - Precompute Stage 1 complete. Run precompute_alpha_signals.py next.
[0;32m[OK][0m Stage 1: Regime Posterior Precomputation complete.

[0;36m══════════════════════════════════════════[0m
[0;36m  Stage 2: Alpha Signal Precomputation[0m
[0;36m══════════════════════════════════════════[0m
2026-03-07 22:30:52,261 - INFO - ══════ Fortress v5 — Alpha Signal Precomputation ══════
2026-03-07 22:30:52,261 - INFO - Loading cached market data...
2026-03-07 22:30:52,280 - INFO - Loading cached regime posteriors...
2026-03-07 22:30:52,284 - INFO - Market data: 1510 days × 25 assets | Regime posteriors: 1510 rows
2026-03-07 22:30:52,284 - INFO - Aligned dataset: 1510 trading days
2026-03-07 22:30:52,284 - INFO - GATv2 weights not found at models/weights/gat_alpha_latest.pt. Running in Surrogate Mode.
2026-03-07 22:30:52,284 - INFO - Surrogate Mode: computing 5-factor regime-conditioned alpha model...
2026-03-07 22:30:52,284 - INFO - Computing Factor 1: Cross-Sectional Momentum (12-1 month)...
/home/alexr/fortress_v5/scripts/precompute_alpha_signals.py:150: FutureWarning: Setting an item of incompatible dtype is deprecated and will raise an error in a future version of pandas. Value '-0.9999999991666666' has dtype incompatible with float32, please explicitly cast to a compatible dtype first.
  ranked.loc[date] = _cross_sectional_rank(momentum.loc[date].values, descending=False)
/home/alexr/fortress_v5/scripts/precompute_alpha_signals.py:150: FutureWarning: Setting an item of incompatible dtype is deprecated and will raise an error in a future version of pandas. Value '-0.9166666659027777' has dtype incompatible with float32, please explicitly cast to a compatible dtype first.
  ranked.loc[date] = _cross_sectional_rank(momentum.loc[date].values, descending=False)
/home/alexr/fortress_v5/scripts/precompute_alpha_signals.py:150: FutureWarning: Setting an item of incompatible dtype is deprecated and will raise an error in a future version of pandas. Value '-0.8333333326388889' has dtype incompatible with float32, please explicitly cast to a compatible dtype first.
  ranked.loc[date] = _cross_sectional_rank(momentum.loc[date].values, descending=False)
/home/alexr/fortress_v5/scripts/precompute_alpha_signals.py:150: FutureWarning: Setting an item of incompatible dtype is deprecated and will raise an error in a future version of pandas. Value '-0.749999999375' has dtype incompatible with float32, please explicitly cast to a compatible dtype first.
  ranked.loc[date] = _cross_sectional_rank(momentum.loc[date].values, descending=False)
/home/alexr/fortress_v5/scripts/precompute_alpha_signals.py:150: FutureWarning: Setting an item of incompatible dtype is deprecated and will raise an error in a future version of pandas. Value '-0.666666666111111' has dtype incompatible with float32, please explicitly cast to a compatible dtype first.
  ranked.loc[date] = _cross_sectional_rank(momentum.loc[date].values, descending=False)
/home/alexr/fortress_v5/scripts/precompute_alpha_signals.py:150: FutureWarning: Setting an item of incompatible dtype is deprecated and will raise an error in a future version of pandas. Value '-0.5833333328472222' has dtype incompatible with float32, please explicitly cast to a compatible dtype first.
  ranked.loc[date] = _cross_sectional_rank(momentum.loc[date].values, descending=False)
/home/alexr/fortress_v5/scripts/precompute_alpha_signals.py:150: FutureWarning: Setting an item of incompatible dtype is deprecated and will raise an error in a future version of pandas. Value '-0.4999999995833333' has dtype incompatible with float32, please explicitly cast to a compatible dtype first.
  ranked.loc[date] = _cross_sectional_rank(momentum.loc[date].values, descending=False)
/home/alexr/fortress_v5/scripts/precompute_alpha_signals.py:150: FutureWarning: Setting an item of incompatible dtype is deprecated and will raise an error in a future version of pandas. Value '-0.41666666631944443' has dtype incompatible with float32, please explicitly cast to a compatible dtype first.
  ranked.loc[date] = _cross_sectional_rank(momentum.loc[date].values, descending=False)
/home/alexr/fortress_v5/scripts/precompute_alpha_signals.py:150: FutureWarning: Setting an item of incompatible dtype is deprecated and will raise an error in a future version of pandas. Value '-0.3333333330555555' has dtype incompatible with float32, please explicitly cast to a compatible dtype first.
  ranked.loc[date] = _cross_sectional_rank(momentum.loc[date].values, descending=False)
/home/alexr/fortress_v5/scripts/precompute_alpha_signals.py:150: FutureWarning: Setting an item of incompatible dtype is deprecated and will raise an error in a future version of pandas. Value '-0.24999999979166665' has dtype incompatible with float32, please explicitly cast to a compatible dtype first.
  ranked.loc[date] = _cross_sectional_rank(momentum.loc[date].values, descending=False)
/home/alexr/fortress_v5/scripts/precompute_alpha_signals.py:150: FutureWarning: Setting an item of incompatible dtype is deprecated and will raise an error in a future version of pandas. Value '-0.16666666652777776' has dtype incompatible with float32, please explicitly cast to a compatible dtype first.
  ranked.loc[date] = _cross_sectional_rank(momentum.loc[date].values, descending=False)
/home/alexr/fortress_v5/scripts/precompute_alpha_signals.py:150: FutureWarning: Setting an item of incompatible dtype is deprecated and will raise an error in a future version of pandas. Value '-0.08333333326388888' has dtype incompatible with float32, please explicitly cast to a compatible dtype first.
  ranked.loc[date] = _cross_sectional_rank(momentum.loc[date].values, descending=False)
/home/alexr/fortress_v5/scripts/precompute_alpha_signals.py:150: FutureWarning: Setting an item of incompatible dtype is deprecated and will raise an error in a future version of pandas. Value '0.08333333326388888' has dtype incompatible with float32, please explicitly cast to a compatible dtype first.
  ranked.loc[date] = _cross_sectional_rank(momentum.loc[date].values, descending=False)
/home/alexr/fortress_v5/scripts/precompute_alpha_signals.py:150: FutureWarning: Setting an item of incompatible dtype is deprecated and will raise an error in a future version of pandas. Value '0.16666666652777776' has dtype incompatible with float32, please explicitly cast to a compatible dtype first.
  ranked.loc[date] = _cross_sectional_rank(momentum.loc[date].values, descending=False)
/home/alexr/fortress_v5/scripts/precompute_alpha_signals.py:150: FutureWarning: Setting an item of incompatible dtype is deprecated and will raise an error in a future version of pandas. Value '0.24999999979166665' has dtype incompatible with float32, please explicitly cast to a compatible dtype first.
  ranked.loc[date] = _cross_sectional_rank(momentum.loc[date].values, descending=False)
/home/alexr/fortress_v5/scripts/precompute_alpha_signals.py:150: FutureWarning: Setting an item of incompatible dtype is deprecated and will raise an error in a future version of pandas. Value '0.3333333330555555' has dtype incompatible with float32, please explicitly cast to a compatible dtype first.
  ranked.loc[date] = _cross_sectional_rank(momentum.loc[date].values, descending=False)
/home/alexr/fortress_v5/scripts/precompute_alpha_signals.py:150: FutureWarning: Setting an item of incompatible dtype is deprecated and will raise an error in a future version of pandas. Value '0.41666666631944443' has dtype incompatible with float32, please explicitly cast to a compatible dtype first.
  ranked.loc[date] = _cross_sectional_rank(momentum.loc[date].values, descending=False)
/home/alexr/fortress_v5/scripts/precompute_alpha_signals.py:150: FutureWarning: Setting an item of incompatible dtype is deprecated and will raise an error in a future version of pandas. Value '0.4999999995833333' has dtype incompatible with float32, please explicitly cast to a compatible dtype first.
  ranked.loc[date] = _cross_sectional_rank(momentum.loc[date].values, descending=False)
/home/alexr/fortress_v5/scripts/precompute_alpha_signals.py:150: FutureWarning: Setting an item of incompatible dtype is deprecated and will raise an error in a future version of pandas. Value '0.5833333328472222' has dtype incompatible with float32, please explicitly cast to a compatible dtype first.
  ranked.loc[date] = _cross_sectional_rank(momentum.loc[date].values, descending=False)
/home/alexr/fortress_v5/scripts/precompute_alpha_signals.py:150: FutureWarning: Setting an item of incompatible dtype is deprecated and will raise an error in a future version of pandas. Value '0.666666666111111' has dtype incompatible with float32, please explicitly cast to a compatible dtype first.
  ranked.loc[date] = _cross_sectional_rank(momentum.loc[date].values, descending=False)
/home/alexr/fortress_v5/scripts/precompute_alpha_signals.py:150: FutureWarning: Setting an item of incompatible dtype is deprecated and will raise an error in a future version of pandas. Value '0.749999999375' has dtype incompatible with float32, please explicitly cast to a compatible dtype first.
  ranked.loc[date] = _cross_sectional_rank(momentum.loc[date].values, descending=False)
/home/alexr/fortress_v5/scripts/precompute_alpha_signals.py:150: FutureWarning: Setting an item of incompatible dtype is deprecated and will raise an error in a future version of pandas. Value '0.8333333326388889' has dtype incompatible with float32, please explicitly cast to a compatible dtype first.
  ranked.loc[date] = _cross_sectional_rank(momentum.loc[date].values, descending=False)
/home/alexr/fortress_v5/scripts/precompute_alpha_signals.py:150: FutureWarning: Setting an item of incompatible dtype is deprecated and will raise an error in a future version of pandas. Value '0.9166666659027777' has dtype incompatible with float32, please explicitly cast to a compatible dtype first.
  ranked.loc[date] = _cross_sectional_rank(momentum.loc[date].values, descending=False)
/home/alexr/fortress_v5/scripts/precompute_alpha_signals.py:150: FutureWarning: Setting an item of incompatible dtype is deprecated and will raise an error in a future version of pandas. Value '0.9999999991666666' has dtype incompatible with float32, please explicitly cast to a compatible dtype first.
  ranked.loc[date] = _cross_sectional_rank(momentum.loc[date].values, descending=False)
/home/alexr/fortress_v5/scripts/precompute_alpha_signals.py:150: FutureWarning: Setting an item of incompatible dtype is deprecated and will raise an error in a future version of pandas. Value '-0.5833333328472222' has dtype incompatible with float32, please explicitly cast to a compatible dtype first.
  ranked.loc[date] = _cross_sectional_rank(momentum.loc[date].values, descending=False)
2026-03-07 22:30:53,937 - INFO - Computing Factor 2: Short-Term Reversal (1 month)...
/home/alexr/fortress_v5/scripts/precompute_alpha_signals.py:169: FutureWarning: Setting an item of incompatible dtype is deprecated and will raise an error in a future version of pandas. Value '0.9999999991666666' has dtype incompatible with float32, please explicitly cast to a compatible dtype first.
  ranked.loc[date] = _cross_sectional_rank(cum_ret_21.loc[date].values, descending=True)
/home/alexr/fortress_v5/scripts/precompute_alpha_signals.py:169: FutureWarning: Setting an item of incompatible dtype is deprecated and will raise an error in a future version of pandas. Value '0.9166666659027777' has dtype incompatible with float32, please explicitly cast to a compatible dtype first.
  ranked.loc[date] = _cross_sectional_rank(cum_ret_21.loc[date].values, descending=True)
/home/alexr/fortress_v5/scripts/precompute_alpha_signals.py:169: FutureWarning: Setting an item of incompatible dtype is deprecated and will raise an error in a future version of pandas. Value '0.8333333326388889' has dtype incompatible with float32, please explicitly cast to a compatible dtype first.
  ranked.loc[date] = _cross_sectional_rank(cum_ret_21.loc[date].values, descending=True)
/home/alexr/fortress_v5/scripts/precompute_alpha_signals.py:169: FutureWarning: Setting an item of incompatible dtype is deprecated and will raise an error in a future version of pandas. Value '0.749999999375' has dtype incompatible with float32, please explicitly cast to a compatible dtype first.
  ranked.loc[date] = _cross_sectional_rank(cum_ret_21.loc[date].values, descending=True)
/home/alexr/fortress_v5/scripts/precompute_alpha_signals.py:169: FutureWarning: Setting an item of incompatible dtype is deprecated and will raise an error in a future version of pandas. Value '0.666666666111111' has dtype incompatible with float32, please explicitly cast to a compatible dtype first.
  ranked.loc[date] = _cross_sectional_rank(cum_ret_21.loc[date].values, descending=True)
/home/alexr/fortress_v5/scripts/precompute_alpha_signals.py:169: FutureWarning: Setting an item of incompatible dtype is deprecated and will raise an error in a future version of pandas. Value '0.5833333328472222' has dtype incompatible with float32, please explicitly cast to a compatible dtype first.
  ranked.loc[date] = _cross_sectional_rank(cum_ret_21.loc[date].values, descending=True)
/home/alexr/fortress_v5/scripts/precompute_alpha_signals.py:169: FutureWarning: Setting an item of incompatible dtype is deprecated and will raise an error in a future version of pandas. Value '0.4999999995833333' has dtype incompatible with float32, please explicitly cast to a compatible dtype first.
  ranked.loc[date] = _cross_sectional_rank(cum_ret_21.loc[date].values, descending=True)
/home/alexr/fortress_v5/scripts/precompute_alpha_signals.py:169: FutureWarning: Setting an item of incompatible dtype is deprecated and will raise an error in a future version of pandas. Value '0.41666666631944443' has dtype incompatible with float32, please explicitly cast to a compatible dtype first.
  ranked.loc[date] = _cross_sectional_rank(cum_ret_21.loc[date].values, descending=True)
/home/alexr/fortress_v5/scripts/precompute_alpha_signals.py:169: FutureWarning: Setting an item of incompatible dtype is deprecated and will raise an error in a future version of pandas. Value '0.3333333330555555' has dtype incompatible with float32, please explicitly cast to a compatible dtype first.
  ranked.loc[date] = _cross_sectional_rank(cum_ret_21.loc[date].values, descending=True)
/home/alexr/fortress_v5/scripts/precompute_alpha_signals.py:169: FutureWarning: Setting an item of incompatible dtype is deprecated and will raise an error in a future version of pandas. Value '0.24999999979166665' has dtype incompatible with float32, please explicitly cast to a compatible dtype first.
  ranked.loc[date] = _cross_sectional_rank(cum_ret_21.loc[date].values, descending=True)
/home/alexr/fortress_v5/scripts/precompute_alpha_signals.py:169: FutureWarning: Setting an item of incompatible dtype is deprecated and will raise an error in a future version of pandas. Value '0.16666666652777776' has dtype incompatible with float32, please explicitly cast to a compatible dtype first.
  ranked.loc[date] = _cross_sectional_rank(cum_ret_21.loc[date].values, descending=True)
/home/alexr/fortress_v5/scripts/precompute_alpha_signals.py:169: FutureWarning: Setting an item of incompatible dtype is deprecated and will raise an error in a future version of pandas. Value '0.08333333326388888' has dtype incompatible with float32, please explicitly cast to a compatible dtype first.
  ranked.loc[date] = _cross_sectional_rank(cum_ret_21.loc[date].values, descending=True)
/home/alexr/fortress_v5/scripts/precompute_alpha_signals.py:169: FutureWarning: Setting an item of incompatible dtype is deprecated and will raise an error in a future version of pandas. Value '-0.08333333326388888' has dtype incompatible with float32, please explicitly cast to a compatible dtype first.
  ranked.loc[date] = _cross_sectional_rank(cum_ret_21.loc[date].values, descending=True)
/home/alexr/fortress_v5/scripts/precompute_alpha_signals.py:169: FutureWarning: Setting an item of incompatible dtype is deprecated and will raise an error in a future version of pandas. Value '-0.16666666652777776' has dtype incompatible with float32, please explicitly cast to a compatible dtype first.
  ranked.loc[date] = _cross_sectional_rank(cum_ret_21.loc[date].values, descending=True)
/home/alexr/fortress_v5/scripts/precompute_alpha_signals.py:169: FutureWarning: Setting an item of incompatible dtype is deprecated and will raise an error in a future version of pandas. Value '-0.24999999979166665' has dtype incompatible with float32, please explicitly cast to a compatible dtype first.
  ranked.loc[date] = _cross_sectional_rank(cum_ret_21.loc[date].values, descending=True)
/home/alexr/fortress_v5/scripts/precompute_alpha_signals.py:169: FutureWarning: Setting an item of incompatible dtype is deprecated and will raise an error in a future version of pandas. Value '-0.3333333330555555' has dtype incompatible with float32, please explicitly cast to a compatible dtype first.
  ranked.loc[date] = _cross_sectional_rank(cum_ret_21.loc[date].values, descending=True)
/home/alexr/fortress_v5/scripts/precompute_alpha_signals.py:169: FutureWarning: Setting an item of incompatible dtype is deprecated and will raise an error in a future version of pandas. Value '-0.41666666631944443' has dtype incompatible with float32, please explicitly cast to a compatible dtype first.
  ranked.loc[date] = _cross_sectional_rank(cum_ret_21.loc[date].values, descending=True)
/home/alexr/fortress_v5/scripts/precompute_alpha_signals.py:169: FutureWarning: Setting an item of incompatible dtype is deprecated and will raise an error in a future version of pandas. Value '-0.4999999995833333' has dtype incompatible with float32, please explicitly cast to a compatible dtype first.
  ranked.loc[date] = _cross_sectional_rank(cum_ret_21.loc[date].values, descending=True)
/home/alexr/fortress_v5/scripts/precompute_alpha_signals.py:169: FutureWarning: Setting an item of incompatible dtype is deprecated and will raise an error in a future version of pandas. Value '-0.5833333328472222' has dtype incompatible with float32, please explicitly cast to a compatible dtype first.
  ranked.loc[date] = _cross_sectional_rank(cum_ret_21.loc[date].values, descending=True)
/home/alexr/fortress_v5/scripts/precompute_alpha_signals.py:169: FutureWarning: Setting an item of incompatible dtype is deprecated and will raise an error in a future version of pandas. Value '-0.666666666111111' has dtype incompatible with float32, please explicitly cast to a compatible dtype first.
  ranked.loc[date] = _cross_sectional_rank(cum_ret_21.loc[date].values, descending=True)
/home/alexr/fortress_v5/scripts/precompute_alpha_signals.py:169: FutureWarning: Setting an item of incompatible dtype is deprecated and will raise an error in a future version of pandas. Value '-0.749999999375' has dtype incompatible with float32, please explicitly cast to a compatible dtype first.
  ranked.loc[date] = _cross_sectional_rank(cum_ret_21.loc[date].values, descending=True)
/home/alexr/fortress_v5/scripts/precompute_alpha_signals.py:169: FutureWarning: Setting an item of incompatible dtype is deprecated and will raise an error in a future version of pandas. Value '-0.8333333326388889' has dtype incompatible with float32, please explicitly cast to a compatible dtype first.
  ranked.loc[date] = _cross_sectional_rank(cum_ret_21.loc[date].values, descending=True)
/home/alexr/fortress_v5/scripts/precompute_alpha_signals.py:169: FutureWarning: Setting an item of incompatible dtype is deprecated and will raise an error in a future version of pandas. Value '-0.9166666659027777' has dtype incompatible with float32, please explicitly cast to a compatible dtype first.
  ranked.loc[date] = _cross_sectional_rank(cum_ret_21.loc[date].values, descending=True)
/home/alexr/fortress_v5/scripts/precompute_alpha_signals.py:169: FutureWarning: Setting an item of incompatible dtype is deprecated and will raise an error in a future version of pandas. Value '-0.9999999991666666' has dtype incompatible with float32, please explicitly cast to a compatible dtype first.
  ranked.loc[date] = _cross_sectional_rank(cum_ret_21.loc[date].values, descending=True)
/home/alexr/fortress_v5/scripts/precompute_alpha_signals.py:169: FutureWarning: Setting an item of incompatible dtype is deprecated and will raise an error in a future version of pandas. Value '0.5833333328472222' has dtype incompatible with float32, please explicitly cast to a compatible dtype first.
  ranked.loc[date] = _cross_sectional_rank(cum_ret_21.loc[date].values, descending=True)
2026-03-07 22:30:55,586 - INFO - Computing Factor 3: Low-Volatility Anomaly (63-day realised vol)...
/home/alexr/fortress_v5/scripts/precompute_alpha_signals.py:196: FutureWarning: Setting an item of incompatible dtype is deprecated and will raise an error in a future version of pandas. Value '0.9999999991666666' has dtype incompatible with float32, please explicitly cast to a compatible dtype first.
  ranked.loc[date] = r
/home/alexr/fortress_v5/scripts/precompute_alpha_signals.py:196: FutureWarning: Setting an item of incompatible dtype is deprecated and will raise an error in a future version of pandas. Value '0.9166666659027777' has dtype incompatible with float32, please explicitly cast to a compatible dtype first.
  ranked.loc[date] = r
/home/alexr/fortress_v5/scripts/precompute_alpha_signals.py:196: FutureWarning: Setting an item of incompatible dtype is deprecated and will raise an error in a future version of pandas. Value '0.8333333326388889' has dtype incompatible with float32, please explicitly cast to a compatible dtype first.
  ranked.loc[date] = r
/home/alexr/fortress_v5/scripts/precompute_alpha_signals.py:196: FutureWarning: Setting an item of incompatible dtype is deprecated and will raise an error in a future version of pandas. Value '0.749999999375' has dtype incompatible with float32, please explicitly cast to a compatible dtype first.
  ranked.loc[date] = r
/home/alexr/fortress_v5/scripts/precompute_alpha_signals.py:196: FutureWarning: Setting an item of incompatible dtype is deprecated and will raise an error in a future version of pandas. Value '0.666666666111111' has dtype incompatible with float32, please explicitly cast to a compatible dtype first.
  ranked.loc[date] = r
/home/alexr/fortress_v5/scripts/precompute_alpha_signals.py:196: FutureWarning: Setting an item of incompatible dtype is deprecated and will raise an error in a future version of pandas. Value '0.5833333328472222' has dtype incompatible with float32, please explicitly cast to a compatible dtype first.
  ranked.loc[date] = r
/home/alexr/fortress_v5/scripts/precompute_alpha_signals.py:196: FutureWarning: Setting an item of incompatible dtype is deprecated and will raise an error in a future version of pandas. Value '0.4999999995833333' has dtype incompatible with float32, please explicitly cast to a compatible dtype first.
  ranked.loc[date] = r
/home/alexr/fortress_v5/scripts/precompute_alpha_signals.py:196: FutureWarning: Setting an item of incompatible dtype is deprecated and will raise an error in a future version of pandas. Value '0.41666666631944443' has dtype incompatible with float32, please explicitly cast to a compatible dtype first.
  ranked.loc[date] = r
/home/alexr/fortress_v5/scripts/precompute_alpha_signals.py:196: FutureWarning: Setting an item of incompatible dtype is deprecated and will raise an error in a future version of pandas. Value '0.3333333330555555' has dtype incompatible with float32, please explicitly cast to a compatible dtype first.
  ranked.loc[date] = r
/home/alexr/fortress_v5/scripts/precompute_alpha_signals.py:196: FutureWarning: Setting an item of incompatible dtype is deprecated and will raise an error in a future version of pandas. Value '0.24999999979166665' has dtype incompatible with float32, please explicitly cast to a compatible dtype first.
  ranked.loc[date] = r
/home/alexr/fortress_v5/scripts/precompute_alpha_signals.py:196: FutureWarning: Setting an item of incompatible dtype is deprecated and will raise an error in a future version of pandas. Value '0.16666666652777776' has dtype incompatible with float32, please explicitly cast to a compatible dtype first.
  ranked.loc[date] = r
/home/alexr/fortress_v5/scripts/precompute_alpha_signals.py:196: FutureWarning: Setting an item of incompatible dtype is deprecated and will raise an error in a future version of pandas. Value '0.08333333326388888' has dtype incompatible with float32, please explicitly cast to a compatible dtype first.
  ranked.loc[date] = r
/home/alexr/fortress_v5/scripts/precompute_alpha_signals.py:196: FutureWarning: Setting an item of incompatible dtype is deprecated and will raise an error in a future version of pandas. Value '-0.08333333326388888' has dtype incompatible with float32, please explicitly cast to a compatible dtype first.
  ranked.loc[date] = r
/home/alexr/fortress_v5/scripts/precompute_alpha_signals.py:196: FutureWarning: Setting an item of incompatible dtype is deprecated and will raise an error in a future version of pandas. Value '-0.16666666652777776' has dtype incompatible with float32, please explicitly cast to a compatible dtype first.
  ranked.loc[date] = r
/home/alexr/fortress_v5/scripts/precompute_alpha_signals.py:196: FutureWarning: Setting an item of incompatible dtype is deprecated and will raise an error in a future version of pandas. Value '-0.24999999979166665' has dtype incompatible with float32, please explicitly cast to a compatible dtype first.
  ranked.loc[date] = r
/home/alexr/fortress_v5/scripts/precompute_alpha_signals.py:196: FutureWarning: Setting an item of incompatible dtype is deprecated and will raise an error in a future version of pandas. Value '-0.3333333330555555' has dtype incompatible with float32, please explicitly cast to a compatible dtype first.
  ranked.loc[date] = r
/home/alexr/fortress_v5/scripts/precompute_alpha_signals.py:196: FutureWarning: Setting an item of incompatible dtype is deprecated and will raise an error in a future version of pandas. Value '-0.41666666631944443' has dtype incompatible with float32, please explicitly cast to a compatible dtype first.
  ranked.loc[date] = r
/home/alexr/fortress_v5/scripts/precompute_alpha_signals.py:196: FutureWarning: Setting an item of incompatible dtype is deprecated and will raise an error in a future version of pandas. Value '-0.4999999995833333' has dtype incompatible with float32, please explicitly cast to a compatible dtype first.
  ranked.loc[date] = r
/home/alexr/fortress_v5/scripts/precompute_alpha_signals.py:196: FutureWarning: Setting an item of incompatible dtype is deprecated and will raise an error in a future version of pandas. Value '-0.5833333328472222' has dtype incompatible with float32, please explicitly cast to a compatible dtype first.
  ranked.loc[date] = r
/home/alexr/fortress_v5/scripts/precompute_alpha_signals.py:196: FutureWarning: Setting an item of incompatible dtype is deprecated and will raise an error in a future version of pandas. Value '-0.666666666111111' has dtype incompatible with float32, please explicitly cast to a compatible dtype first.
  ranked.loc[date] = r
/home/alexr/fortress_v5/scripts/precompute_alpha_signals.py:196: FutureWarning: Setting an item of incompatible dtype is deprecated and will raise an error in a future version of pandas. Value '-0.749999999375' has dtype incompatible with float32, please explicitly cast to a compatible dtype first.
  ranked.loc[date] = r
/home/alexr/fortress_v5/scripts/precompute_alpha_signals.py:196: FutureWarning: Setting an item of incompatible dtype is deprecated and will raise an error in a future version of pandas. Value '-0.8333333326388889' has dtype incompatible with float32, please explicitly cast to a compatible dtype first.
  ranked.loc[date] = r
/home/alexr/fortress_v5/scripts/precompute_alpha_signals.py:196: FutureWarning: Setting an item of incompatible dtype is deprecated and will raise an error in a future version of pandas. Value '0.08333333326388888' has dtype incompatible with float32, please explicitly cast to a compatible dtype first.
  ranked.loc[date] = r
2026-03-07 22:30:57,266 - INFO - Computing Factor 4: Fixed-Income Carry (static)...
2026-03-07 22:30:57,266 - INFO - Computing Factor 5: Regime Tilt + combining all factors...
2026-03-07 22:30:57,267 - INFO -   [0/1510] 2019-01-02 | z_mu[0]=0.00 | Regime=bull_high_vol | Top: HYG(0.21), LQD(0.09), TLT(0.05) | Bot: SPY(-0.05), QQQ(-0.05), IWM(-0.04)
2026-03-07 22:30:57,297 - INFO -   [200/1510] 2019-10-17 | z_mu[0]=1.96 | Regime=bull_low_vol | Top: HYG(0.99), QQQ(0.92), XLP(0.92) | Bot: VIXY(-0.99), GLD(-0.86), USO(-0.85)
2026-03-07 22:30:57,327 - INFO -   [400/1510] 2020-08-04 | z_mu[0]=-1.94 | Regime=crisis | Top: VIXY(0.99), GLD(0.87), SHY(0.84) | Bot: XLK(-0.94), IWM(-0.92), QQQ(-0.91)
2026-03-07 22:30:57,356 - INFO -   [600/1510] 2021-05-20 | z_mu[0]=-2.00 | Regime=crisis | Top: VIXY(0.99), GLD(0.89), SHY(0.86) | Bot: IWM(-0.93), VNQ(-0.93), XLK(-0.91)
2026-03-07 22:30:57,387 - INFO -   [800/1510] 2022-03-07 | z_mu[0]=1.99 | Regime=bull_low_vol | Top: XLE(0.94), VNQ(0.94), XLK(0.91) | Bot: VIXY(-0.99), SHY(-0.89), GLD(-0.85)
2026-03-07 22:30:57,416 - INFO -   [1000/1510] 2022-12-20 | z_mu[0]=-0.10 | Regime=bull_high_vol | Top: GLD(0.58), PDBC(0.50), SLV(0.44) | Bot: IWM(-0.55), XLF(-0.54), QQQ(-0.36)
2026-03-07 22:30:57,446 - INFO -   [1200/1510] 2023-10-09 | z_mu[0]=1.96 | Regime=bull_low_vol | Top: IWM(0.95), XLK(0.94), EFA(0.94) | Bot: VIXY(-0.99), GLD(-0.91), TLT(-0.91)
2026-03-07 22:30:57,476 - INFO -   [1400/1510] 2024-07-26 | z_mu[0]=1.98 | Regime=bull_low_vol | Top: HYG(0.98), SPY(0.94), XLK(0.93) | Bot: VIXY(-0.99), GLD(-0.87), USO(-0.85)
2026-03-07 22:30:57,496 - INFO - ✅ Alpha signals saved → research/outputs/cache/alpha_signals.parquet (1510 rows × 25 assets)
2026-03-07 22:30:57,496 - INFO - Alpha signal summary (time-averaged per asset):
2026-03-07 22:30:57,496 - INFO -   LQD   : +██████ (+0.306)
2026-03-07 22:30:57,497 - INFO -   SHV   : +████ (+0.250)
2026-03-07 22:30:57,497 - INFO -   BIL   : +████ (+0.250)
2026-03-07 22:30:57,497 - INFO -   HYG   : +██ (+0.136)
2026-03-07 22:30:57,497 - INFO -   SHY   : +█ (+0.079)
2026-03-07 22:30:57,497 - INFO -   IEF   : +█ (+0.060)
2026-03-07 22:30:57,497 - INFO -   XLP   : +█ (+0.056)
2026-03-07 22:30:57,497 - INFO -   XLV   : + (+0.034)
2026-03-07 22:30:57,497 - INFO -   VTV   : + (+0.025)
2026-03-07 22:30:57,497 - INFO -   EFA   : + (+0.019)
2026-03-07 22:30:57,497 - INFO -   SPY   : + (+0.008)
2026-03-07 22:30:57,497 - INFO -   PDBC  : + (+0.006)
2026-03-07 22:30:57,497 - INFO -   VIXY  : + (+0.005)
2026-03-07 22:30:57,497 - INFO -   XLI   : + (+0.004)
2026-03-07 22:30:57,497 - INFO -   GLD   : - (-0.001)
2026-03-07 22:30:57,497 - INFO -   TLT   : - (-0.001)
2026-03-07 22:30:57,497 - INFO -   XLK   : - (-0.029)
2026-03-07 22:30:57,497 - INFO -   VNQ   : - (-0.032)
2026-03-07 22:30:57,497 - INFO -   QQQ   : - (-0.049)
2026-03-07 22:30:57,497 - INFO -   IWM   : -█ (-0.078)
2026-03-07 22:30:57,497 - INFO -   XLF   : -█ (-0.087)
2026-03-07 22:30:57,497 - INFO -   EEM   : -█ (-0.093)
2026-03-07 22:30:57,497 - INFO -   SLV   : -██ (-0.149)
2026-03-07 22:30:57,497 - INFO -   XLE   : -███ (-0.169)
2026-03-07 22:30:57,497 - INFO -   USO   : -███ (-0.189)
2026-03-07 22:30:57,497 - INFO - Precompute Stage 2 complete. Run run_standalone_backtest.py next.
[0;32m[OK][0m Stage 2: Alpha Signal Precomputation complete.

[0;36m══════════════════════════════════════════[0m
[0;36m  Stage 3: Event-Driven Standalone Backtest[0m
[0;36m══════════════════════════════════════════[0m
2026-03-07 22:30:57,989 - INFO - ══════ Fortress v5 — Standalone Backtest Driver ══════
2026-03-07 22:30:58,014 - INFO - Loaded 1510 days × 25 assets.
2026-03-07 22:30:58,014 - INFO - Regime posteriors: 1510 rows.
2026-03-07 22:30:58,014 - INFO - Alpha signals:     1510 rows.
2026-03-07 22:30:58,015 - INFO - Running backtest: 2020-01-02 → 2024-12-31 (1258 days)
/home/alexr/fortress_v5/fortress_env/lib/python3.10/site-packages/pandas/core/frame.py:11238: RuntimeWarning: Degrees of freedom <= 0 for slice
  base_cov = np.cov(mat.T, ddof=ddof)
/home/alexr/fortress_v5/fortress_env/lib/python3.10/site-packages/numpy/lib/_function_base_impl.py:2894: RuntimeWarning: divide by zero encountered in divide
  c *= np.true_divide(1, fact)
/home/alexr/fortress_v5/fortress_env/lib/python3.10/site-packages/numpy/lib/_function_base_impl.py:2894: RuntimeWarning: invalid value encountered in multiply
  c *= np.true_divide(1, fact)
2026-03-07 22:30:58,594 - CRITICAL - MAX DRAWDOWN HALT on 2020-11-25: drawdown = -20.13%. Liquidating to BIL.
2026-03-07 22:30:58,631 - INFO - ══════ BACKTEST TEARSHEET ══════
2026-03-07 22:30:58,631 - INFO -   CAGR                       -3.24%
2026-03-07 22:30:58,631 - INFO -   Sharpe                     -0.719
2026-03-07 22:30:58,631 - INFO -   Sortino                    -0.474
2026-03-07 22:30:58,631 - INFO -   Calmar                     -0.161
2026-03-07 22:30:58,631 - INFO -   Max Drawdown               -20.13%
2026-03-07 22:30:58,631 - INFO -   Max DD Duration            1152 days
2026-03-07 22:30:58,631 - INFO -   VaR-95 (daily)             -0.38%
2026-03-07 22:30:58,631 - INFO -   CVaR-95 (daily)            -0.93%
2026-03-07 22:30:58,631 - INFO -   Hit Rate                   89.59%
2026-03-07 22:30:58,631 - INFO -   Avg Daily Turnover         0.0023%
2026-03-07 22:30:58,631 - INFO -   DSR                        -25.8886
2026-03-07 22:30:58,631 - INFO -   Final NAV                  $84,850.08
2026-03-07 22:30:58,631 - INFO -   Trading Days               1258
2026-03-07 22:30:58,631 - INFO - ═══════════════════════════════
2026-03-07 22:30:58,639 - INFO - ✅ Tearsheet CSV → research/outputs/backtest_tearsheet.csv
2026-03-07 22:30:58,640 - INFO - Running walk-forward validation...
2026-03-07 22:30:58,640 - INFO - Walk-forward: 8 folds (IS=18m, OOS=6m)
2026-03-07 22:30:58,641 - INFO - Running backtest: 2019-01-02 → 2020-07-01 (378 days)
/home/alexr/fortress_v5/fortress_env/lib/python3.10/site-packages/pandas/core/frame.py:11238: RuntimeWarning: Degrees of freedom <= 0 for slice
  base_cov = np.cov(mat.T, ddof=ddof)
/home/alexr/fortress_v5/fortress_env/lib/python3.10/site-packages/numpy/lib/_function_base_impl.py:2894: RuntimeWarning: divide by zero encountered in divide
  c *= np.true_divide(1, fact)
/home/alexr/fortress_v5/fortress_env/lib/python3.10/site-packages/numpy/lib/_function_base_impl.py:2894: RuntimeWarning: invalid value encountered in multiply
  c *= np.true_divide(1, fact)
2026-03-07 22:30:59,570 - INFO - ══════ BACKTEST TEARSHEET ══════
2026-03-07 22:30:59,570 - INFO -   CAGR                       -5.04%
2026-03-07 22:30:59,570 - INFO -   Sharpe                     -1.068
2026-03-07 22:30:59,570 - INFO -   Sortino                    -1.521
2026-03-07 22:30:59,570 - INFO -   Calmar                     -0.309
2026-03-07 22:30:59,570 - INFO -   Max Drawdown               -16.33%
2026-03-07 22:30:59,570 - INFO -   Max DD Duration            351 days
2026-03-07 22:30:59,570 - INFO -   VaR-95 (daily)             -0.94%
2026-03-07 22:30:59,570 - INFO -   CVaR-95 (daily)            -1.39%
2026-03-07 22:30:59,570 - INFO -   Hit Rate                   48.15%
2026-03-07 22:30:59,570 - INFO -   Avg Daily Turnover         0.0135%
2026-03-07 22:30:59,570 - INFO -   DSR                        -19.3393
2026-03-07 22:30:59,570 - INFO -   Final NAV                  $92,538.62
2026-03-07 22:30:59,570 - INFO -   Trading Days               378
2026-03-07 22:30:59,570 - INFO - ═══════════════════════════════
2026-03-07 22:30:59,570 - INFO - Running backtest: 2020-07-02 → 2020-12-30 (126 days)
/home/alexr/fortress_v5/fortress_env/lib/python3.10/site-packages/pandas/core/frame.py:11238: RuntimeWarning: Degrees of freedom <= 0 for slice
  base_cov = np.cov(mat.T, ddof=ddof)
/home/alexr/fortress_v5/fortress_env/lib/python3.10/site-packages/numpy/lib/_function_base_impl.py:2894: RuntimeWarning: divide by zero encountered in divide
  c *= np.true_divide(1, fact)
/home/alexr/fortress_v5/fortress_env/lib/python3.10/site-packages/numpy/lib/_function_base_impl.py:2894: RuntimeWarning: invalid value encountered in multiply
  c *= np.true_divide(1, fact)
2026-03-07 22:30:59,882 - INFO - ══════ BACKTEST TEARSHEET ══════
2026-03-07 22:30:59,882 - INFO -   CAGR                       -32.67%
2026-03-07 22:30:59,882 - INFO -   Sharpe                     -2.836
2026-03-07 22:30:59,882 - INFO -   Sortino                    -4.258
2026-03-07 22:30:59,882 - INFO -   Calmar                     -1.641
2026-03-07 22:30:59,882 - INFO -   Max Drawdown               -19.91%
2026-03-07 22:30:59,882 - INFO -   Max DD Duration            125 days
2026-03-07 22:30:59,882 - INFO -   VaR-95 (daily)             -1.62%
2026-03-07 22:30:59,882 - INFO -   CVaR-95 (daily)            -2.15%
2026-03-07 22:30:59,882 - INFO -   Hit Rate                   38.10%
2026-03-07 22:30:59,882 - INFO -   Avg Daily Turnover         0.0127%
2026-03-07 22:30:59,882 - INFO -   DSR                        -16.5612
2026-03-07 22:30:59,882 - INFO -   Final NAV                  $82,054.26
2026-03-07 22:30:59,882 - INFO -   Trading Days               126
2026-03-07 22:30:59,882 - INFO - ═══════════════════════════════
2026-03-07 22:30:59,882 - INFO -   Fold 1: IS [2019-01-02→2020-07-01] Sharpe=-1.068 | OOS [2020-07-02→2020-12-30] Sharpe=-2.836, CAGR=-32.67%, MaxDD=-19.91%
2026-03-07 22:30:59,883 - INFO - Running backtest: 2019-01-02 → 2020-12-30 (504 days)
/home/alexr/fortress_v5/fortress_env/lib/python3.10/site-packages/pandas/core/frame.py:11238: RuntimeWarning: Degrees of freedom <= 0 for slice
  base_cov = np.cov(mat.T, ddof=ddof)
/home/alexr/fortress_v5/fortress_env/lib/python3.10/site-packages/numpy/lib/_function_base_impl.py:2894: RuntimeWarning: divide by zero encountered in divide
  c *= np.true_divide(1, fact)
/home/alexr/fortress_v5/fortress_env/lib/python3.10/site-packages/numpy/lib/_function_base_impl.py:2894: RuntimeWarning: invalid value encountered in multiply
  c *= np.true_divide(1, fact)
2026-03-07 22:31:00,896 - CRITICAL - MAX DRAWDOWN HALT on 2020-08-14: drawdown = -20.73%. Liquidating to BIL.
2026-03-07 22:31:00,902 - INFO - ══════ BACKTEST TEARSHEET ══════
2026-03-07 22:31:00,902 - INFO -   CAGR                       -10.22%
2026-03-07 22:31:00,902 - INFO -   Sharpe                     -1.588
2026-03-07 22:31:00,902 - INFO -   Sortino                    -1.879
2026-03-07 22:31:00,902 - INFO -   Calmar                     -0.493
2026-03-07 22:31:00,902 - INFO -   Max Drawdown               -20.73%
2026-03-07 22:31:00,902 - INFO -   Max DD Duration            477 days
2026-03-07 22:31:00,902 - INFO -   VaR-95 (daily)             -0.97%
2026-03-07 22:31:00,902 - INFO -   CVaR-95 (daily)            -1.54%
2026-03-07 22:31:00,902 - INFO -   Hit Rate                   56.94%
2026-03-07 22:31:00,902 - INFO -   Avg Daily Turnover         0.0107%
2026-03-07 22:31:00,902 - INFO -   DSR                        -26.5665
2026-03-07 22:31:00,902 - INFO -   Final NAV                  $80,607.72
2026-03-07 22:31:00,902 - INFO -   Trading Days               504
2026-03-07 22:31:00,902 - INFO - ═══════════════════════════════
2026-03-07 22:31:00,903 - INFO - Running backtest: 2020-12-31 → 2021-07-01 (126 days)
/home/alexr/fortress_v5/fortress_env/lib/python3.10/site-packages/pandas/core/frame.py:11238: RuntimeWarning: Degrees of freedom <= 0 for slice
  base_cov = np.cov(mat.T, ddof=ddof)
/home/alexr/fortress_v5/fortress_env/lib/python3.10/site-packages/numpy/lib/_function_base_impl.py:2894: RuntimeWarning: divide by zero encountered in divide
  c *= np.true_divide(1, fact)
/home/alexr/fortress_v5/fortress_env/lib/python3.10/site-packages/numpy/lib/_function_base_impl.py:2894: RuntimeWarning: invalid value encountered in multiply
  c *= np.true_divide(1, fact)
2026-03-07 22:31:01,188 - INFO - ══════ BACKTEST TEARSHEET ══════
2026-03-07 22:31:01,188 - INFO -   CAGR                       +38.54%
2026-03-07 22:31:01,188 - INFO -   Sharpe                     2.706
2026-03-07 22:31:01,188 - INFO -   Sortino                    4.889
2026-03-07 22:31:01,188 - INFO -   Calmar                     7.996
2026-03-07 22:31:01,188 - INFO -   Max Drawdown               -4.82%
2026-03-07 22:31:01,188 - INFO -   Max DD Duration            25 days
2026-03-07 22:31:01,188 - INFO -   VaR-95 (daily)             -0.82%
2026-03-07 22:31:01,188 - INFO -   CVaR-95 (daily)            -1.14%
2026-03-07 22:31:01,188 - INFO -   Hit Rate                   56.35%
2026-03-07 22:31:01,188 - INFO -   Avg Daily Turnover         0.0154%
2026-03-07 22:31:01,188 - INFO -   DSR                        11.6012
2026-03-07 22:31:01,188 - INFO -   Final NAV                  $117,703.47
2026-03-07 22:31:01,188 - INFO -   Trading Days               126
2026-03-07 22:31:01,188 - INFO - ═══════════════════════════════
2026-03-07 22:31:01,188 - INFO -   Fold 2: IS [2019-01-02→2020-12-30] Sharpe=-1.588 | OOS [2020-12-31→2021-07-01] Sharpe=2.706, CAGR=38.54%, MaxDD=-4.82%
2026-03-07 22:31:01,189 - INFO - Running backtest: 2019-01-02 → 2021-07-01 (630 days)
/home/alexr/fortress_v5/fortress_env/lib/python3.10/site-packages/pandas/core/frame.py:11238: RuntimeWarning: Degrees of freedom <= 0 for slice
  base_cov = np.cov(mat.T, ddof=ddof)
/home/alexr/fortress_v5/fortress_env/lib/python3.10/site-packages/numpy/lib/_function_base_impl.py:2894: RuntimeWarning: divide by zero encountered in divide
  c *= np.true_divide(1, fact)
/home/alexr/fortress_v5/fortress_env/lib/python3.10/site-packages/numpy/lib/_function_base_impl.py:2894: RuntimeWarning: invalid value encountered in multiply
  c *= np.true_divide(1, fact)
2026-03-07 22:31:02,244 - CRITICAL - MAX DRAWDOWN HALT on 2020-08-14: drawdown = -20.73%. Liquidating to BIL.
2026-03-07 22:31:02,254 - INFO - ══════ BACKTEST TEARSHEET ══════
2026-03-07 22:31:02,254 - INFO -   CAGR                       -8.26%
2026-03-07 22:31:02,254 - INFO -   Sharpe                     -1.419
2026-03-07 22:31:02,254 - INFO -   Sortino                    -1.503
2026-03-07 22:31:02,254 - INFO -   Calmar                     -0.399
2026-03-07 22:31:02,254 - INFO -   Max Drawdown               -20.73%
2026-03-07 22:31:02,254 - INFO -   Max DD Duration            603 days
2026-03-07 22:31:02,254 - INFO -   VaR-95 (daily)             -0.86%
2026-03-07 22:31:02,254 - INFO -   CVaR-95 (daily)            -1.42%
2026-03-07 22:31:02,254 - INFO -   Hit Rate                   65.56%
2026-03-07 22:31:02,254 - INFO -   Avg Daily Turnover         0.0086%
2026-03-07 22:31:02,254 - INFO -   DSR                        -28.0714
2026-03-07 22:31:02,254 - INFO -   Final NAV                  $80,607.72
2026-03-07 22:31:02,254 - INFO -   Trading Days               630
2026-03-07 22:31:02,254 - INFO - ═══════════════════════════════
2026-03-07 22:31:02,255 - INFO - Running backtest: 2021-07-02 → 2021-12-30 (126 days)
/home/alexr/fortress_v5/fortress_env/lib/python3.10/site-packages/pandas/core/frame.py:11238: RuntimeWarning: Degrees of freedom <= 0 for slice
  base_cov = np.cov(mat.T, ddof=ddof)
/home/alexr/fortress_v5/fortress_env/lib/python3.10/site-packages/numpy/lib/_function_base_impl.py:2894: RuntimeWarning: divide by zero encountered in divide
  c *= np.true_divide(1, fact)
/home/alexr/fortress_v5/fortress_env/lib/python3.10/site-packages/numpy/lib/_function_base_impl.py:2894: RuntimeWarning: invalid value encountered in multiply
  c *= np.true_divide(1, fact)
2026-03-07 22:31:02,552 - INFO - ══════ BACKTEST TEARSHEET ══════
2026-03-07 22:31:02,552 - INFO -   CAGR                       +19.93%
2026-03-07 22:31:02,552 - INFO -   Sharpe                     1.168
2026-03-07 22:31:02,552 - INFO -   Sortino                    2.049
2026-03-07 22:31:02,552 - INFO -   Calmar                     2.764
2026-03-07 22:31:02,552 - INFO -   Max Drawdown               -7.21%
2026-03-07 22:31:02,552 - INFO -   Max DD Duration            35 days
2026-03-07 22:31:02,552 - INFO -   VaR-95 (daily)             -1.04%
2026-03-07 22:31:02,552 - INFO -   CVaR-95 (daily)            -1.39%
2026-03-07 22:31:02,552 - INFO -   Hit Rate                   51.59%
2026-03-07 22:31:02,552 - INFO -   Avg Daily Turnover         0.0143%
2026-03-07 22:31:02,552 - INFO -   DSR                        7.6556
2026-03-07 22:31:02,552 - INFO -   Final NAV                  $109,511.78
2026-03-07 22:31:02,552 - INFO -   Trading Days               126
2026-03-07 22:31:02,552 - INFO - ═══════════════════════════════
2026-03-07 22:31:02,552 - INFO -   Fold 3: IS [2019-01-02→2021-07-01] Sharpe=-1.419 | OOS [2021-07-02→2021-12-30] Sharpe=1.168, CAGR=19.93%, MaxDD=-7.21%
2026-03-07 22:31:02,553 - INFO - Running backtest: 2019-01-02 → 2021-12-30 (756 days)
/home/alexr/fortress_v5/fortress_env/lib/python3.10/site-packages/pandas/core/frame.py:11238: RuntimeWarning: Degrees of freedom <= 0 for slice
  base_cov = np.cov(mat.T, ddof=ddof)
/home/alexr/fortress_v5/fortress_env/lib/python3.10/site-packages/numpy/lib/_function_base_impl.py:2894: RuntimeWarning: divide by zero encountered in divide
  c *= np.true_divide(1, fact)
/home/alexr/fortress_v5/fortress_env/lib/python3.10/site-packages/numpy/lib/_function_base_impl.py:2894: RuntimeWarning: invalid value encountered in multiply
  c *= np.true_divide(1, fact)
2026-03-07 22:31:03,558 - CRITICAL - MAX DRAWDOWN HALT on 2020-08-14: drawdown = -20.73%. Liquidating to BIL.
2026-03-07 22:31:03,572 - INFO - ══════ BACKTEST TEARSHEET ══════
2026-03-07 22:31:03,573 - INFO -   CAGR                       -6.93%
2026-03-07 22:31:03,573 - INFO -   Sharpe                     -1.294
2026-03-07 22:31:03,573 - INFO -   Sortino                    -1.252
2026-03-07 22:31:03,573 - INFO -   Calmar                     -0.334
2026-03-07 22:31:03,573 - INFO -   Max Drawdown               -20.73%
2026-03-07 22:31:03,573 - INFO -   Max DD Duration            729 days
2026-03-07 22:31:03,573 - INFO -   VaR-95 (daily)             -0.77%
2026-03-07 22:31:03,573 - INFO -   CVaR-95 (daily)            -1.33%
2026-03-07 22:31:03,573 - INFO -   Hit Rate                   71.30%
2026-03-07 22:31:03,573 - INFO -   Avg Daily Turnover         0.0072%
2026-03-07 22:31:03,573 - INFO -   DSR                        -29.2423
2026-03-07 22:31:03,573 - INFO -   Final NAV                  $80,607.72
2026-03-07 22:31:03,573 - INFO -   Trading Days               756
2026-03-07 22:31:03,573 - INFO - ═══════════════════════════════
2026-03-07 22:31:03,573 - INFO - Running backtest: 2021-12-31 → 2022-07-01 (126 days)
/home/alexr/fortress_v5/fortress_env/lib/python3.10/site-packages/pandas/core/frame.py:11238: RuntimeWarning: Degrees of freedom <= 0 for slice
  base_cov = np.cov(mat.T, ddof=ddof)
/home/alexr/fortress_v5/fortress_env/lib/python3.10/site-packages/numpy/lib/_function_base_impl.py:2894: RuntimeWarning: divide by zero encountered in divide
  c *= np.true_divide(1, fact)
/home/alexr/fortress_v5/fortress_env/lib/python3.10/site-packages/numpy/lib/_function_base_impl.py:2894: RuntimeWarning: invalid value encountered in multiply
  c *= np.true_divide(1, fact)
2026-03-07 22:31:03,868 - INFO - ══════ BACKTEST TEARSHEET ══════
2026-03-07 22:31:03,868 - INFO -   CAGR                       -1.97%
2026-03-07 22:31:03,868 - INFO -   Sharpe                     -0.612
2026-03-07 22:31:03,868 - INFO -   Sortino                    -1.037
2026-03-07 22:31:03,868 - INFO -   Calmar                     -0.188
2026-03-07 22:31:03,868 - INFO -   Max Drawdown               -10.48%
2026-03-07 22:31:03,868 - INFO -   Max DD Duration            71 days
2026-03-07 22:31:03,868 - INFO -   VaR-95 (daily)             -0.86%
2026-03-07 22:31:03,868 - INFO -   CVaR-95 (daily)            -1.32%
2026-03-07 22:31:03,868 - INFO -   Hit Rate                   43.65%
2026-03-07 22:31:03,868 - INFO -   Avg Daily Turnover         0.0115%
2026-03-07 22:31:03,868 - INFO -   DSR                        -8.6955
2026-03-07 22:31:03,868 - INFO -   Final NAV                  $99,010.66
2026-03-07 22:31:03,868 - INFO -   Trading Days               126
2026-03-07 22:31:03,868 - INFO - ═══════════════════════════════
2026-03-07 22:31:03,868 - INFO -   Fold 4: IS [2019-01-02→2021-12-30] Sharpe=-1.294 | OOS [2021-12-31→2022-07-01] Sharpe=-0.612, CAGR=-1.97%, MaxDD=-10.48%
2026-03-07 22:31:03,869 - INFO - Running backtest: 2019-01-02 → 2022-07-01 (882 days)
/home/alexr/fortress_v5/fortress_env/lib/python3.10/site-packages/pandas/core/frame.py:11238: RuntimeWarning: Degrees of freedom <= 0 for slice
  base_cov = np.cov(mat.T, ddof=ddof)
/home/alexr/fortress_v5/fortress_env/lib/python3.10/site-packages/numpy/lib/_function_base_impl.py:2894: RuntimeWarning: divide by zero encountered in divide
  c *= np.true_divide(1, fact)
/home/alexr/fortress_v5/fortress_env/lib/python3.10/site-packages/numpy/lib/_function_base_impl.py:2894: RuntimeWarning: invalid value encountered in multiply
  c *= np.true_divide(1, fact)
2026-03-07 22:31:04,849 - CRITICAL - MAX DRAWDOWN HALT on 2020-08-14: drawdown = -20.73%. Liquidating to BIL.
2026-03-07 22:31:04,866 - INFO - ══════ BACKTEST TEARSHEET ══════
2026-03-07 22:31:04,867 - INFO -   CAGR                       -5.97%
2026-03-07 22:31:04,867 - INFO -   Sharpe                     -1.198
2026-03-07 22:31:04,867 - INFO -   Sortino                    -1.073
2026-03-07 22:31:04,867 - INFO -   Calmar                     -0.288
2026-03-07 22:31:04,867 - INFO -   Max Drawdown               -20.73%
2026-03-07 22:31:04,867 - INFO -   Max DD Duration            855 days
2026-03-07 22:31:04,867 - INFO -   VaR-95 (daily)             -0.71%
2026-03-07 22:31:04,867 - INFO -   CVaR-95 (daily)            -1.24%
2026-03-07 22:31:04,867 - INFO -   Hit Rate                   75.40%
2026-03-07 22:31:04,867 - INFO -   Avg Daily Turnover         0.0061%
2026-03-07 22:31:04,867 - INFO -   DSR                        -30.1823
2026-03-07 22:31:04,867 - INFO -   Final NAV                  $80,607.72
2026-03-07 22:31:04,867 - INFO -   Trading Days               882
2026-03-07 22:31:04,867 - INFO - ═══════════════════════════════
2026-03-07 22:31:04,867 - INFO - Running backtest: 2022-07-05 → 2022-12-30 (126 days)
/home/alexr/fortress_v5/fortress_env/lib/python3.10/site-packages/pandas/core/frame.py:11238: RuntimeWarning: Degrees of freedom <= 0 for slice
  base_cov = np.cov(mat.T, ddof=ddof)
/home/alexr/fortress_v5/fortress_env/lib/python3.10/site-packages/numpy/lib/_function_base_impl.py:2894: RuntimeWarning: divide by zero encountered in divide
  c *= np.true_divide(1, fact)
/home/alexr/fortress_v5/fortress_env/lib/python3.10/site-packages/numpy/lib/_function_base_impl.py:2894: RuntimeWarning: invalid value encountered in multiply
  c *= np.true_divide(1, fact)
2026-03-07 22:31:05,135 - INFO - ══════ BACKTEST TEARSHEET ══════
2026-03-07 22:31:05,135 - INFO -   CAGR                       -0.13%
2026-03-07 22:31:05,135 - INFO -   Sharpe                     -0.455
2026-03-07 22:31:05,135 - INFO -   Sortino                    -0.755
2026-03-07 22:31:05,135 - INFO -   Calmar                     -0.026
2026-03-07 22:31:05,135 - INFO -   Max Drawdown               -4.96%
2026-03-07 22:31:05,135 - INFO -   Max DD Duration            49 days
2026-03-07 22:31:05,135 - INFO -   VaR-95 (daily)             -0.95%
2026-03-07 22:31:05,135 - INFO -   CVaR-95 (daily)            -1.29%
2026-03-07 22:31:05,135 - INFO -   Hit Rate                   46.03%
2026-03-07 22:31:05,135 - INFO -   Avg Daily Turnover         0.0137%
2026-03-07 22:31:05,135 - INFO -   DSR                        -7.2574
2026-03-07 22:31:05,135 - INFO -   Final NAV                  $99,935.35
2026-03-07 22:31:05,135 - INFO -   Trading Days               126
2026-03-07 22:31:05,135 - INFO - ═══════════════════════════════
2026-03-07 22:31:05,136 - INFO -   Fold 5: IS [2019-01-02→2022-07-01] Sharpe=-1.198 | OOS [2022-07-05→2022-12-30] Sharpe=-0.455, CAGR=-0.13%, MaxDD=-4.96%
2026-03-07 22:31:05,137 - INFO - Running backtest: 2019-01-02 → 2022-12-30 (1008 days)
/home/alexr/fortress_v5/fortress_env/lib/python3.10/site-packages/pandas/core/frame.py:11238: RuntimeWarning: Degrees of freedom <= 0 for slice
  base_cov = np.cov(mat.T, ddof=ddof)
/home/alexr/fortress_v5/fortress_env/lib/python3.10/site-packages/numpy/lib/_function_base_impl.py:2894: RuntimeWarning: divide by zero encountered in divide
  c *= np.true_divide(1, fact)
/home/alexr/fortress_v5/fortress_env/lib/python3.10/site-packages/numpy/lib/_function_base_impl.py:2894: RuntimeWarning: invalid value encountered in multiply
  c *= np.true_divide(1, fact)
2026-03-07 22:31:06,113 - CRITICAL - MAX DRAWDOWN HALT on 2020-08-14: drawdown = -20.73%. Liquidating to BIL.
2026-03-07 22:31:06,135 - INFO - ══════ BACKTEST TEARSHEET ══════
2026-03-07 22:31:06,136 - INFO -   CAGR                       -5.25%
2026-03-07 22:31:06,136 - INFO -   Sharpe                     -1.120
2026-03-07 22:31:06,136 - INFO -   Sortino                    -0.939
2026-03-07 22:31:06,136 - INFO -   Calmar                     -0.253
2026-03-07 22:31:06,136 - INFO -   Max Drawdown               -20.73%
2026-03-07 22:31:06,136 - INFO -   Max DD Duration            981 days
2026-03-07 22:31:06,136 - INFO -   VaR-95 (daily)             -0.68%
2026-03-07 22:31:06,136 - INFO -   CVaR-95 (daily)            -1.17%
2026-03-07 22:31:06,136 - INFO -   Hit Rate                   78.47%
2026-03-07 22:31:06,136 - INFO -   Avg Daily Turnover         0.0054%
2026-03-07 22:31:06,136 - INFO -   DSR                        -30.9553
2026-03-07 22:31:06,136 - INFO -   Final NAV                  $80,607.72
2026-03-07 22:31:06,136 - INFO -   Trading Days               1008
2026-03-07 22:31:06,136 - INFO - ═══════════════════════════════
2026-03-07 22:31:06,136 - INFO - Running backtest: 2023-01-03 → 2023-07-05 (126 days)
/home/alexr/fortress_v5/fortress_env/lib/python3.10/site-packages/pandas/core/frame.py:11238: RuntimeWarning: Degrees of freedom <= 0 for slice
  base_cov = np.cov(mat.T, ddof=ddof)
/home/alexr/fortress_v5/fortress_env/lib/python3.10/site-packages/numpy/lib/_function_base_impl.py:2894: RuntimeWarning: divide by zero encountered in divide
  c *= np.true_divide(1, fact)
/home/alexr/fortress_v5/fortress_env/lib/python3.10/site-packages/numpy/lib/_function_base_impl.py:2894: RuntimeWarning: invalid value encountered in multiply
  c *= np.true_divide(1, fact)
2026-03-07 22:31:06,433 - INFO - ══════ BACKTEST TEARSHEET ══════
2026-03-07 22:31:06,433 - INFO -   CAGR                       +20.78%
2026-03-07 22:31:06,434 - INFO -   Sharpe                     1.064
2026-03-07 22:31:06,434 - INFO -   Sortino                    1.683
2026-03-07 22:31:06,434 - INFO -   Calmar                     2.413
2026-03-07 22:31:06,434 - INFO -   Max Drawdown               -8.61%
2026-03-07 22:31:06,434 - INFO -   Max DD Duration            41 days
2026-03-07 22:31:06,434 - INFO -   VaR-95 (daily)             -0.94%
2026-03-07 22:31:06,434 - INFO -   CVaR-95 (daily)            -1.85%
2026-03-07 22:31:06,434 - INFO -   Hit Rate                   53.17%
2026-03-07 22:31:06,434 - INFO -   Avg Daily Turnover         0.0149%
2026-03-07 22:31:06,434 - INFO -   DSR                        7.0919
2026-03-07 22:31:06,434 - INFO -   Final NAV                  $109,898.88
2026-03-07 22:31:06,434 - INFO -   Trading Days               126
2026-03-07 22:31:06,434 - INFO - ═══════════════════════════════
2026-03-07 22:31:06,434 - INFO -   Fold 6: IS [2019-01-02→2022-12-30] Sharpe=-1.120 | OOS [2023-01-03→2023-07-05] Sharpe=1.064, CAGR=20.78%, MaxDD=-8.61%
2026-03-07 22:31:06,435 - INFO - Running backtest: 2019-01-02 → 2023-07-05 (1134 days)
/home/alexr/fortress_v5/fortress_env/lib/python3.10/site-packages/pandas/core/frame.py:11238: RuntimeWarning: Degrees of freedom <= 0 for slice
  base_cov = np.cov(mat.T, ddof=ddof)
/home/alexr/fortress_v5/fortress_env/lib/python3.10/site-packages/numpy/lib/_function_base_impl.py:2894: RuntimeWarning: divide by zero encountered in divide
  c *= np.true_divide(1, fact)
/home/alexr/fortress_v5/fortress_env/lib/python3.10/site-packages/numpy/lib/_function_base_impl.py:2894: RuntimeWarning: invalid value encountered in multiply
  c *= np.true_divide(1, fact)
2026-03-07 22:31:07,400 - CRITICAL - MAX DRAWDOWN HALT on 2020-08-14: drawdown = -20.73%. Liquidating to BIL.
2026-03-07 22:31:07,426 - INFO - ══════ BACKTEST TEARSHEET ══════
2026-03-07 22:31:07,426 - INFO -   CAGR                       -4.68%
2026-03-07 22:31:07,426 - INFO -   Sharpe                     -1.056
2026-03-07 22:31:07,426 - INFO -   Sortino                    -0.835
2026-03-07 22:31:07,426 - INFO -   Calmar                     -0.226
2026-03-07 22:31:07,426 - INFO -   Max Drawdown               -20.73%
2026-03-07 22:31:07,426 - INFO -   Max DD Duration            1107 days
2026-03-07 22:31:07,426 - INFO -   VaR-95 (daily)             -0.63%
2026-03-07 22:31:07,426 - INFO -   CVaR-95 (daily)            -1.12%
2026-03-07 22:31:07,426 - INFO -   Hit Rate                   80.86%
2026-03-07 22:31:07,426 - INFO -   Avg Daily Turnover         0.0048%
2026-03-07 22:31:07,427 - INFO -   DSR                        -31.6031
2026-03-07 22:31:07,427 - INFO -   Final NAV                  $80,607.72
2026-03-07 22:31:07,427 - INFO -   Trading Days               1134
2026-03-07 22:31:07,427 - INFO - ═══════════════════════════════
2026-03-07 22:31:07,427 - INFO - Running backtest: 2023-07-06 → 2024-01-03 (126 days)
/home/alexr/fortress_v5/fortress_env/lib/python3.10/site-packages/pandas/core/frame.py:11238: RuntimeWarning: Degrees of freedom <= 0 for slice
  base_cov = np.cov(mat.T, ddof=ddof)
/home/alexr/fortress_v5/fortress_env/lib/python3.10/site-packages/numpy/lib/_function_base_impl.py:2894: RuntimeWarning: divide by zero encountered in divide
  c *= np.true_divide(1, fact)
/home/alexr/fortress_v5/fortress_env/lib/python3.10/site-packages/numpy/lib/_function_base_impl.py:2894: RuntimeWarning: invalid value encountered in multiply
  c *= np.true_divide(1, fact)
2026-03-07 22:31:07,758 - INFO - ══════ BACKTEST TEARSHEET ══════
2026-03-07 22:31:07,759 - INFO -   CAGR                       +0.28%
2026-03-07 22:31:07,759 - INFO -   Sharpe                     -0.378
2026-03-07 22:31:07,759 - INFO -   Sortino                    -0.673
2026-03-07 22:31:07,759 - INFO -   Calmar                     0.046
2026-03-07 22:31:07,759 - INFO -   Max Drawdown               -6.10%
2026-03-07 22:31:07,759 - INFO -   Max DD Duration            122 days
2026-03-07 22:31:07,759 - INFO -   VaR-95 (daily)             -1.02%
2026-03-07 22:31:07,759 - INFO -   CVaR-95 (daily)            -1.25%
2026-03-07 22:31:07,759 - INFO -   Hit Rate                   54.76%
2026-03-07 22:31:07,759 - INFO -   Avg Daily Turnover         0.0154%
2026-03-07 22:31:07,759 - INFO -   DSR                        -6.4968
2026-03-07 22:31:07,759 - INFO -   Final NAV                  $100,140.25
2026-03-07 22:31:07,759 - INFO -   Trading Days               126
2026-03-07 22:31:07,759 - INFO - ═══════════════════════════════
2026-03-07 22:31:07,759 - INFO -   Fold 7: IS [2019-01-02→2023-07-05] Sharpe=-1.056 | OOS [2023-07-06→2024-01-03] Sharpe=-0.378, CAGR=0.28%, MaxDD=-6.10%
2026-03-07 22:31:07,760 - INFO - Running backtest: 2019-01-02 → 2024-01-03 (1260 days)
/home/alexr/fortress_v5/fortress_env/lib/python3.10/site-packages/pandas/core/frame.py:11238: RuntimeWarning: Degrees of freedom <= 0 for slice
  base_cov = np.cov(mat.T, ddof=ddof)
/home/alexr/fortress_v5/fortress_env/lib/python3.10/site-packages/numpy/lib/_function_base_impl.py:2894: RuntimeWarning: divide by zero encountered in divide
  c *= np.true_divide(1, fact)
/home/alexr/fortress_v5/fortress_env/lib/python3.10/site-packages/numpy/lib/_function_base_impl.py:2894: RuntimeWarning: invalid value encountered in multiply
  c *= np.true_divide(1, fact)
2026-03-07 22:31:08,720 - CRITICAL - MAX DRAWDOWN HALT on 2020-08-14: drawdown = -20.73%. Liquidating to BIL.
2026-03-07 22:31:08,765 - INFO - ══════ BACKTEST TEARSHEET ══════
2026-03-07 22:31:08,766 - INFO -   CAGR                       -4.22%
2026-03-07 22:31:08,766 - INFO -   Sharpe                     -1.001
2026-03-07 22:31:08,766 - INFO -   Sortino                    -0.751
2026-03-07 22:31:08,766 - INFO -   Calmar                     -0.204
2026-03-07 22:31:08,766 - INFO -   Max Drawdown               -20.73%
2026-03-07 22:31:08,766 - INFO -   Max DD Duration            1233 days
2026-03-07 22:31:08,766 - INFO -   VaR-95 (daily)             -0.56%
2026-03-07 22:31:08,766 - INFO -   CVaR-95 (daily)            -1.07%
2026-03-07 22:31:08,766 - INFO -   Hit Rate                   82.78%
2026-03-07 22:31:08,766 - INFO -   Avg Daily Turnover         0.0043%
2026-03-07 22:31:08,766 - INFO -   DSR                        -32.1546
2026-03-07 22:31:08,766 - INFO -   Final NAV                  $80,607.72
2026-03-07 22:31:08,766 - INFO -   Trading Days               1260
2026-03-07 22:31:08,766 - INFO - ═══════════════════════════════
2026-03-07 22:31:08,766 - INFO - Running backtest: 2024-01-04 → 2024-07-05 (126 days)
/home/alexr/fortress_v5/fortress_env/lib/python3.10/site-packages/pandas/core/frame.py:11238: RuntimeWarning: Degrees of freedom <= 0 for slice
  base_cov = np.cov(mat.T, ddof=ddof)
/home/alexr/fortress_v5/fortress_env/lib/python3.10/site-packages/numpy/lib/_function_base_impl.py:2894: RuntimeWarning: divide by zero encountered in divide
  c *= np.true_divide(1, fact)
/home/alexr/fortress_v5/fortress_env/lib/python3.10/site-packages/numpy/lib/_function_base_impl.py:2894: RuntimeWarning: invalid value encountered in multiply
  c *= np.true_divide(1, fact)
2026-03-07 22:31:09,013 - INFO - ══════ BACKTEST TEARSHEET ══════
2026-03-07 22:31:09,013 - INFO -   CAGR                       +16.97%
2026-03-07 22:31:09,013 - INFO -   Sharpe                     1.453
2026-03-07 22:31:09,013 - INFO -   Sortino                    2.740
2026-03-07 22:31:09,013 - INFO -   Calmar                     6.790
2026-03-07 22:31:09,013 - INFO -   Max Drawdown               -2.50%
2026-03-07 22:31:09,013 - INFO -   Max DD Duration            36 days
2026-03-07 22:31:09,013 - INFO -   VaR-95 (daily)             -0.71%
2026-03-07 22:31:09,013 - INFO -   CVaR-95 (daily)            -0.81%
2026-03-07 22:31:09,013 - INFO -   Hit Rate                   57.94%
2026-03-07 22:31:09,013 - INFO -   Avg Daily Turnover         0.0129%
2026-03-07 22:31:09,013 - INFO -   DSR                        8.9194
2026-03-07 22:31:09,013 - INFO -   Final NAV                  $108,152.48
2026-03-07 22:31:09,013 - INFO -   Trading Days               126
2026-03-07 22:31:09,013 - INFO - ═══════════════════════════════
2026-03-07 22:31:09,013 - INFO -   Fold 8: IS [2019-01-02→2024-01-03] Sharpe=-1.001 | OOS [2024-01-04→2024-07-05] Sharpe=1.453, CAGR=16.97%, MaxDD=-2.50%
2026-03-07 22:31:09,014 - INFO - ✅ Walk-forward folds → research/outputs/walk_forward_folds.csv
2026-03-07 22:31:09,014 - INFO - Walk-Forward Summary:
2026-03-07 22:31:09,014 - INFO -   Avg IS  Sharpe: -1.218
2026-03-07 22:31:09,014 - INFO -   Avg OOS Sharpe: 0.264
2026-03-07 22:31:09,014 - INFO -   IS/OOS Ratio:   -0.216  (OVERFITTING SIGNAL)
2026-03-07 22:31:09,015 - INFO - ✅ Stress test stub → research/outputs/sde_stress_test.json
2026-03-07 22:31:09,015 - INFO - Pipeline complete. Run scripts/visualize_tearsheet.py for the tear sheet.
[0;32m[OK][0m Stage 3: Event-Driven Standalone Backtest complete.

[0;36m══════════════════════════════════════════[0m
[0;36m  Stage 4: Tearsheet Visualisation[0m
[0;36m══════════════════════════════════════════[0m
2026-03-07 22:31:09,682 - WARNING - Could not load SPY benchmark: No module named 'yfinance'. Skipping benchmark overlay.
/home/alexr/fortress_v5/scripts/visualize_tearsheet.py:166: FutureWarning: 'M' is deprecated and will be removed in a future version, please use 'ME' instead.
  monthly = returns.resample("M").apply(lambda r: (1 + r).prod() - 1)
2026-03-07 22:31:11,023 - INFO - Institutional tear sheet saved to research/outputs/tearsheet.png
[0;32m[OK][0m Stage 4: Tearsheet Visualisation complete.

[0;32mPipeline complete at Sat Mar  7 22:31:11 CET 2026.[0m
[INFO] Full log: /home/alexr/fortress_v5/logs/pipeline_20260307_223048.log
